<html>
<body>
<pre>
<h1>µVision Build Log</h1>
<h2>Tool Versions:</h2>
IDE-Version: µVision V5.42.0.0
Copyright (C) 2025 ARM Ltd and ARM Germany GmbH. All rights reserved.
License Information: antonyj hp, HP Inc., LIC=----
 
Tool Versions:
Toolchain:       MDK-Lite  Version: 5.42.0.0
Toolchain Path:  C:\Users\hp\AppData\Local\Keil_v5\ARM\ARMCLANG\Bin
C Compiler:      ArmClang.exe V6.23
Assembler:       Armasm.exe V6.23
Linker/Locator:  ArmLink.exe V6.23
Library Manager: ArmAr.exe V6.23
Hex Converter:   FromElf.exe V6.23
CPU DLL:         SARMCM3.DLL V5.42.0.0
Dialog DLL:      DCM.DLL V1.17.5.0
Target DLL:      UL2CM3.DLL V1.164.14.0
Dialog DLL:      TCM.DLL V1.56.6.0
 
<h2>Project:</h2>
C:\Users\hp\OneDrive\Desktop\fun projects\embedded_programming\antonys_own_gpio.uvprojx
Project File Date:  05/01/2025

<h2>Output:</h2>
*** Using Compiler 'V6.23', folder: 'C:\Users\hp\AppData\Local\Keil_v5\ARM\ARMCLANG\Bin'
Rebuild target 'my_stm32f411_gpio'
compiling main.cpp...
my_stm32f411_gpio.cpp(1): warning: In file included from...
.\my_stm32f411_gpio.h(3): warning: In file included from...
.\my_stm32f4_gpio_driver.h(90): warning: unused function 'GPIOx_Enable' [-Wunused-function]
   90 | static void GPIOx_Enable(GPIO_num n)
      |             ^~~~~~~~~~~~
1 warning generated.
compiling my_stm32f411_gpio.cpp...
compiling system_stm32f4xx.c...
assembling startup_stm32f411xe.s...
linking...
Program Size: Code=1080 RO-data=424 RW-data=0 ZI-data=1640  
".\Objects\antonys_own_gpio.axf" - 0 Error(s), 1 Warning(s).

<h2>Software Packages used:</h2>

Package Vendor: ARM
                https://www.keil.com/pack/ARM.CMSIS.6.1.0.pack
                ARM::CMSIS@6.1.0
                CMSIS (Common Microcontroller Software Interface Standard)
   * Component: CORE Version: 6.1.0

Package Vendor: Keil
                http://www.keil.com/pack/Keil.STM32F4xx_DFP.2.4.0.pack
                Keil::STM32F4xx_DFP@2.4.0
                STMicroelectronics STM32F4 Series Device Support, Drivers and Examples
   * Component: Startup Version: 2.1.0

<h2>Collection of Component include folders:</h2>
  ./RTE/_my_stm32f411_gpio
  C:/Users/hp/AppData/Local/Arm/Packs/ARM/CMSIS/6.1.0/CMSIS/Core/Include
  C:/Users/hp/AppData/Local/Arm/Packs/Keil/STM32F4xx_DFP/2.4.0/Drivers/CMSIS/Device/ST/STM32F4xx/Include

<h2>Collection of Component Files used:</h2>

   * Component: ARM::CMSIS:CORE@6.1.0

   * Component: Keil::Device:Startup@2.1.0
      Source file:   MDK/Device/Source/ARM/STM32F4xx_OTP.s
      Include file:  Drivers/CMSIS/Device/ST/STM32F4xx/Include/stm32f4xx.h
      Source file:   Drivers/CMSIS/Device/ST/STM32F4xx/Source/Templates/arm/startup_stm32f411xe.s
      Source file:   MDK/Device/Source/ARM/system_stm32f4xx.c
Build Time Elapsed:  00:00:02
</pre>
</body>
</html>
