Component: Arm Compiler for Embedded 6.23 Tool: armlink [5f102400]

==============================================================================

Section Cross References

    main.o(.text.__cxx_global_var_init) refers to main.o(.bss.red) for red
    main.o(.text.__cxx_global_var_init) refers to led.o(.text._ZN3LedC2E13LedColor_Type13LedState_Type) for Led::Led(LedColor_Type, LedState_Type)
    main.o(.ARM.exidx.text.__cxx_global_var_init) refers to main.o(.text.__cxx_global_var_init) for [Anonymous Symbol]
    main.o(.text.main) refers to uart.o(.text._Z11USART2_Initv) for USART2_Init()
    main.o(.text.main) refers to led.o(.text._ZN3LedC2E13LedColor_Type13LedState_Type) for Led::Led(LedColor_Type, LedState_Type)
    main.o(.text.main) refers to new.cpp.o(__lcxx_override) for operator new(unsigned int)
    main.o(.ARM.exidx.text.main) refers to main.o(.text.main) for [Anonymous Symbol]
    main.o(.text._GLOBAL__sub_I_main.cpp) refers to main.o(.text.__cxx_global_var_init) for __cxx_global_var_init
    main.o(.ARM.exidx.text._GLOBAL__sub_I_main.cpp) refers to main.o(.text._GLOBAL__sub_I_main.cpp) for [Anonymous Symbol]
    main.o(.init_array) refers to main.o(.text._GLOBAL__sub_I_main.cpp) for _GLOBAL__sub_I_main.cpp
    led.o(.ARM.exidx.text._ZN3LedC2E13LedColor_Type13LedState_Type) refers to led.o(.text._ZN3LedC2E13LedColor_Type13LedState_Type) for [Anonymous Symbol]
    led.o(.text._ZN3Led12Led_setstateE13LedState_Type) refers to led.o(.rodata.str1.1) for .L.str
    led.o(.text._ZN3Led12Led_setstateE13LedState_Type) refers to printf.o(.text) for printf
    led.o(.ARM.exidx.text._ZN3Led12Led_setstateE13LedState_Type) refers to led.o(.text._ZN3Led12Led_setstateE13LedState_Type) for [Anonymous Symbol]
    led.o(.text._ZNK3Led12Led_getstateEv) refers to led.o(.rodata.str1.1) for .L.str
    led.o(.text._ZNK3Led12Led_getstateEv) refers to printf.o(.text) for printf
    led.o(.ARM.exidx.text._ZNK3Led12Led_getstateEv) refers to led.o(.text._ZNK3Led12Led_getstateEv) for [Anonymous Symbol]
    uart.o(.ARM.exidx.text._Z11USART2_Initv) refers to uart.o(.text._Z11USART2_Initv) for [Anonymous Symbol]
    uart.o(.ARM.exidx.text._Z12USART2_writei) refers to uart.o(.text._Z12USART2_writei) for [Anonymous Symbol]
    uart.o(.ARM.exidx.text._Z11USART2_readv) refers to uart.o(.text._Z11USART2_readv) for [Anonymous Symbol]
    startup_stm32f411xe.o(STACK) refers (Special) to heapauxi.o(.text) for __use_two_region_memory
    startup_stm32f411xe.o(HEAP) refers (Special) to heapauxi.o(.text) for __use_two_region_memory
    startup_stm32f411xe.o(RESET) refers (Special) to heapauxi.o(.text) for __use_two_region_memory
    startup_stm32f411xe.o(RESET) refers to startup_stm32f411xe.o(STACK) for __initial_sp
    startup_stm32f411xe.o(RESET) refers to startup_stm32f411xe.o(.text) for Reset_Handler
    startup_stm32f411xe.o(.text) refers (Special) to heapauxi.o(.text) for __use_two_region_memory
    startup_stm32f411xe.o(.text) refers to system_stm32f4xx.o(.text.SystemInit) for SystemInit
    startup_stm32f411xe.o(.text) refers to __main.o(!!!main) for __main
    startup_stm32f411xe.o(.text) refers to startup_stm32f411xe.o(HEAP) for Heap_Mem
    startup_stm32f411xe.o(.text) refers to startup_stm32f411xe.o(STACK) for Stack_Mem
    system_stm32f4xx.o(.ARM.exidx.text.SystemInit) refers to system_stm32f4xx.o(.text.SystemInit) for [Anonymous Symbol]
    system_stm32f4xx.o(.text.SystemCoreClockUpdate) refers to system_stm32f4xx.o(.data.SystemCoreClock) for SystemCoreClock
    system_stm32f4xx.o(.text.SystemCoreClockUpdate) refers to system_stm32f4xx.o(.rodata.AHBPrescTable) for AHBPrescTable
    system_stm32f4xx.o(.ARM.exidx.text.SystemCoreClockUpdate) refers to system_stm32f4xx.o(.text.SystemCoreClockUpdate) for [Anonymous Symbol]
    printf.o(.text) refers (Special) to _printf_a.o(.ARM.Collect$$_printf_percent$$00000006) for _printf_a
    printf.o(.text) refers (Special) to _printf_c.o(.ARM.Collect$$_printf_percent$$00000013) for _printf_c
    printf.o(.text) refers (Special) to _printf_charcount.o(.text) for _printf_charcount
    printf.o(.text) refers (Special) to _printf_d.o(.ARM.Collect$$_printf_percent$$00000009) for _printf_d
    printf.o(.text) refers (Special) to _printf_e.o(.ARM.Collect$$_printf_percent$$00000004) for _printf_e
    printf.o(.text) refers (Special) to _printf_f.o(.ARM.Collect$$_printf_percent$$00000003) for _printf_f
    printf.o(.text) refers (Special) to printf1.o(x$fpl$printf1) for _printf_fp_dec
    printf.o(.text) refers (Special) to printf2.o(x$fpl$printf2) for _printf_fp_hex
    printf.o(.text) refers (Special) to _printf_g.o(.ARM.Collect$$_printf_percent$$00000005) for _printf_g
    printf.o(.text) refers (Special) to _printf_i.o(.ARM.Collect$$_printf_percent$$00000008) for _printf_i
    printf.o(.text) refers (Special) to _printf_dec.o(.text) for _printf_int_dec
[...]
    .ARM.Collect$$libinit$$00000007          0x080002ce   Section        8  libinit2.o(.ARM.Collect$$libinit$$00000007)
    .ARM.Collect$$libinit$$0000000C          0x080002d6   Section        0  libinit2.o(.ARM.Collect$$libinit$$0000000C)
    .ARM.Collect$$libinit$$0000000E          0x080002d6   Section        0  libinit2.o(.ARM.Collect$$libinit$$0000000E)
    .ARM.Collect$$libinit$$00000010          0x080002d6   Section        0  libinit2.o(.ARM.Collect$$libinit$$00000010)
    .ARM.Collect$$libinit$$00000011          0x080002d6   Section        6  libinit2.o(.ARM.Collect$$libinit$$00000011)
    .ARM.Collect$$libinit$$00000013          0x080002dc   Section        0  libinit2.o(.ARM.Collect$$libinit$$00000013)
    .ARM.Collect$$libinit$$00000014          0x080002dc   Section       12  libinit2.o(.ARM.Collect$$libinit$$00000014)
    .ARM.Collect$$libinit$$00000015          0x080002e8   Section        0  libinit2.o(.ARM.Collect$$libinit$$00000015)
    .ARM.Collect$$libinit$$00000017          0x080002e8   Section        0  libinit2.o(.ARM.Collect$$libinit$$00000017)
    .ARM.Collect$$libinit$$00000018          0x080002e8   Section       10  libinit2.o(.ARM.Collect$$libinit$$00000018)
    .ARM.Collect$$libinit$$00000019          0x080002f2   Section        0  libinit2.o(.ARM.Collect$$libinit$$00000019)
    .ARM.Collect$$libinit$$0000001B          0x080002f2   Section        0  libinit2.o(.ARM.Collect$$libinit$$0000001B)
    .ARM.Collect$$libinit$$0000001D          0x080002f2   Section        0  libinit2.o(.ARM.Collect$$libinit$$0000001D)
    .ARM.Collect$$libinit$$0000001F          0x080002f2   Section        0  libinit2.o(.ARM.Collect$$libinit$$0000001F)
    .ARM.Collect$$libinit$$00000021          0x080002f2   Section        0  libinit2.o(.ARM.Collect$$libinit$$00000021)
    .ARM.Collect$$libinit$$00000023          0x080002f2   Section        0  libinit2.o(.ARM.Collect$$libinit$$00000023)
    .ARM.Collect$$libinit$$00000025          0x080002f2   Section        0  libinit2.o(.ARM.Collect$$libinit$$00000025)
    .ARM.Collect$$libinit$$00000026          0x080002f2   Section        4  libinit2.o(.ARM.Collect$$libinit$$00000026)
    .ARM.Collect$$libinit$$00000027          0x080002f6   Section        0  libinit2.o(.ARM.Collect$$libinit$$00000027)
    .ARM.Collect$$libinit$$0000002E          0x080002f6   Section        0  libinit2.o(.ARM.Collect$$libinit$$0000002E)
    .ARM.Collect$$libinit$$00000030          0x080002f6   Section        0  libinit2.o(.ARM.Collect$$libinit$$00000030)
    .ARM.Collect$$libinit$$00000032          0x080002f6   Section        0  libinit2.o(.ARM.Collect$$libinit$$00000032)
    .ARM.Collect$$libinit$$00000033          0x080002f6   Section        4  libinit2.o(.ARM.Collect$$libinit$$00000033)
    .ARM.Collect$$libinit$$00000034          0x080002fa   Section        0  libinit2.o(.ARM.Collect$$libinit$$00000034)
    .ARM.Collect$$libinit$$00000035          0x080002fa   Section        2  libinit2.o(.ARM.Collect$$libinit$$00000035)
    .ARM.Collect$$libshutdown$$00000000      0x080002fc   Section        2  libshutdown.o(.ARM.Collect$$libshutdown$$00000000)
    .ARM.Collect$$libshutdown$$00000002      0x080002fe   Section        0  libshutdown2.o(.ARM.Collect$$libshutdown$$00000002)
    .ARM.Collect$$libshutdown$$00000003      0x080002fe   Section        4  libshutdown2.o(.ARM.Collect$$libshutdown$$00000003)
    .ARM.Collect$$libshutdown$$00000004      0x08000302   Section        0  libshutdown2.o(.ARM.Collect$$libshutdown$$00000004)
    .ARM.Collect$$libshutdown$$00000007      0x08000302   Section        0  libshutdown2.o(.ARM.Collect$$libshutdown$$00000007)
    .ARM.Collect$$libshutdown$$0000000A      0x08000302   Section        0  libshutdown2.o(.ARM.Collect$$libshutdown$$0000000A)
    .ARM.Collect$$libshutdown$$0000000C      0x08000302   Section        0  libshutdown2.o(.ARM.Collect$$libshutdown$$0000000C)
    .ARM.Collect$$libshutdown$$0000000F      0x08000302   Section        0  libshutdown2.o(.ARM.Collect$$libshutdown$$0000000F)
    .ARM.Collect$$libshutdown$$00000010      0x08000302   Section        2  libshutdown2.o(.ARM.Collect$$libshutdown$$00000010)
    .ARM.Collect$$rtentry$$00000000          0x08000304   Section        0  __rtentry.o(.ARM.Collect$$rtentry$$00000000)
    .ARM.Collect$$rtentry$$00000002          0x08000304   Section        0  __rtentry2.o(.ARM.Collect$$rtentry$$00000002)
    .ARM.Collect$$rtentry$$00000004          0x08000304   Section        6  __rtentry4.o(.ARM.Collect$$rtentry$$00000004)
    .ARM.Collect$$rtentry$$00000009          0x0800030a   Section        0  __rtentry2.o(.ARM.Collect$$rtentry$$00000009)
    .ARM.Collect$$rtentry$$0000000A          0x0800030a   Section        4  __rtentry2.o(.ARM.Collect$$rtentry$$0000000A)
    .ARM.Collect$$rtentry$$0000000C          0x0800030e   Section        0  __rtentry2.o(.ARM.Collect$$rtentry$$0000000C)
    .ARM.Collect$$rtentry$$0000000D          0x0800030e   Section        8  __rtentry2.o(.ARM.Collect$$rtentry$$0000000D)
    .ARM.Collect$$rtexit$$00000000           0x08000316   Section        2  rtexit.o(.ARM.Collect$$rtexit$$00000000)
    .ARM.Collect$$rtexit$$00000002           0x08000318   Section        0  rtexit2.o(.ARM.Collect$$rtexit$$00000002)
    .ARM.Collect$$rtexit$$00000003           0x08000318   Section        4  rtexit2.o(.ARM.Collect$$rtexit$$00000003)
    .ARM.Collect$$rtexit$$00000004           0x0800031c   Section        6  rtexit2.o(.ARM.Collect$$rtexit$$00000004)
    $v0                                      0x08000324   Number         0  startup_stm32f411xe.o(.text)
    .text                                    0x08000324   Section       64  startup_stm32f411xe.o(.text)
    .text                                    0x08000364   Section        0  heapauxi.o(.text)
    .text                                    0x0800036c   Section        0  init_aeabi.o(.text)
    .text                                    0x08000398   Section        0  h1_alloc.o(.text)
    .text                                    0x080003f6   Section        0  h1_free.o(.text)
    .text                                    0x08000444   Section        0  h1_memalign.o(.text)
    .text                                    0x080004f2   Section        0  _printf_pad.o(.text)
    .text                                    0x08000540   Section        0  _printf_truncate.o(.text)
    .text                                    0x08000564   Section        0  _printf_str.o(.text)
    .text                                    0x080005b8   Section        0  _printf_dec.o(.text)
    .text                                    0x08000630   Section        0  _printf_charcount.o(.text)
    .text                                    0x08000658   Section        0  _printf_char_file.o(.text)
    .text                                    0x0800067c   Section        0  _printf_wctomb.o(.text)
    .text                                    0x08000738   Section        0  _printf_longlong_dec.o(.text)
    _printf_longlong_oct_internal            0x080007b5   Thumb Code     0  _printf_oct_int_ll.o(.text)
    .text                                    0x080007b4   Section        0  _printf_oct_int_ll.o(.text)
    _printf_hex_common                       0x08000825   Thumb Code     0  _printf_hex_int_ll_ptr.o(.text)
    .text                                    0x08000824   Section        0  _printf_hex_int_ll_ptr.o(.text)
    .text                                    0x080008b8   Section        0  __printf_flags_ss_wp.o(.text)
    .text                                    0x08000a40   Section        8  rt_heap_descriptor_intlibspace.o(.text)
    .text                                    0x08000a48   Section        0  hguard.o(.text)
    .text                                    0x08000a4c   Section        0  init_alloc.o(.text)
    .text                                    0x08000ad6   Section        0  h1_init.o(.text)
    .text                                    0x08000ae2   Section      138  lludiv10.o(.text)
    .text                                    0x08000b6c   Section        0  _printf_intcommon.o(.text)
    _fp_digits                               0x08000c1f   Thumb Code   432  _printf_fp_dec.o(.text)
    .text                                    0x08000c1e   Section        0  _printf_fp_dec.o(.text)
    .text                                    0x0800103c   Section        0  _printf_fp_hex.o(.text)
    _printf_input_char                       0x08001339   Thumb Code    10  _printf_char_common.o(.text)
    .text                                    0x08001338   Section        0  _printf_char_common.o(.text)
    .text                                    0x08001368   Section        0  _printf_char.o(.text)
    .text                                    0x08001394   Section        0  _printf_wchar.o(.text)
    .text                                    0x080013c0   Section        0  ferror.o(.text)
    .text                                    0x080013c8   Section        0  initio.o(.text)
    .text                                    0x08001500   Section        0  _c16rtomb.o(.text)
    .text                                    0x08001548   Section        8  libspace.o(.text)
    .text                                    0x08001550   Section       74  sys_stackheap_outer.o(.text)
    .text                                    0x0800159c   Section       16  rt_ctype_table.o(.text)
    .text                                    0x080015ac   Section        8  rt_locale_intlibspace.o(.text)
    .text                                    0x080015b4   Section        0  maybetermalloc1.o(.text)
    .text                                    0x080015b4   Section        0  h1_extend.o(.text)
    .text                                    0x080015e8   Section        0  vfprintf.o(.text)
    .text                                    0x080015f4   Section        0  _printf_fp_infnan.o(.text)
    .text                                    0x08001674   Section        0  bigflt0.o(.text)
    .text                                    0x08001758   Section        0  flsbuf.o(.text)
    .text                                    0x0800193a   Section        0  setvbuf.o(.text)
    _freopen_locked                          0x08001981   Thumb Code     0  fopen.o(.text)
    .text                                    0x08001980   Section        0  fopen.o(.text)
    .text                                    0x08001a70   Section        0  fclose.o(.text)
    .text                                    0x08001abc   Section        0  exit.o(.text)
    .text                                    0x08001ace   Section        0  abort.o(.text)
    .text                                    0x08001ae4   Section        0  defsig_rtred_outer.o(.text)
    .text                                    0x08001af2   Section        0  defsig_rtmem_outer.o(.text)
    .text                                    0x08001b00   Section       78  rt_memclr_w.o(.text)
    .text                                    0x08001b4e   Section        0  sys_io.o(.text)
    .text                                    0x08001bb4   Section        0  sys_exit.o(.text)
    .text                                    0x08001bc0   Section        2  use_no_semi.o(.text)
    .text                                    0x08001bc2   Section        0  indicate_semi.o(.text)
    .text                                    0x08001bc4   Section        0  fseek.o(.text)
    .text                                    0x08001cbc   Section        0  stdio.o(.text)
    .text                                    0x08001dc4   Section        0  defsig_exit.o(.text)
    .text                                    0x08001dce   Section        0  defsig_abrt_outer.o(.text)
    .text                                    0x08001ddc   Section        0  defsig_rtred_inner.o(.text)
    .text                                    0x08001e10   Section        0  defsig_rtmem_inner.o(.text)
    .text                                    0x08001e60   Section      124  strcmpv7em.o(.text)
    .text                                    0x08001edc   Section        0  ftell.o(.text)
    .text                                    0x08001f1e   Section        0  defsig_general.o(.text)
    .text                                    0x08001f50   Section        0  defsig_abrt_inner.o(.text)
    .text                                    0x08001f80   Section        0  strlen.o(.text)
    .text                                    0x08001fbe   Section        0  sys_wrch.o(.text)
    .text                                    0x08001fcc   Section        8  rt_errno_addr_intlibspace.o(.text)
    [Anonymous Symbol]                       0x08001fd4   Section        0  system_stm32f4xx.o(.text.SystemInit)
    _GLOBAL__sub_I_main.cpp                  0x08002045   Thumb Code     8  main.o(.text._GLOBAL__sub_I_main.cpp)
    [Anonymous Symbol]                       0x08002044   Section        0  main.o(.text._GLOBAL__sub_I_main.cpp)
    [Anonymous Symbol]                       0x0800204c   Section        0  uart.o(.text._Z11USART2_Initv)
    operator_new_impl(unsigned int)          0x080020d1   Thumb Code    38  new.cpp.o(.text._ZL17operator_new_implj)
    [Anonymous Symbol]                       0x080020d0   Section        0  new.cpp.o(.text._ZL17operator_new_implj)
    operator_new_aligned_impl(unsigned int, std::align_val_t) 0x080020f9   Thumb Code    74  new.cpp.o(.text._ZL25operator_new_aligned_impljSt11align_val_t)
    [Anonymous Symbol]                       0x080020f8   Section        0  new.cpp.o(.text._ZL25operator_new_aligned_impljSt11align_val_t)
    [Anonymous Symbol]                       0x08002144   Section        0  led.o(.text._ZN3LedC2E13LedColor_Type13LedState_Type)
    [Anonymous Symbol]                       0x08002290   Section        0  verbose_abort.cpp.o(.text._ZNSt3__222__libcpp_verbose_abortEPKcz)
    [Anonymous Symbol]                       0x080022ae   Section        0  cxa_handlers.cpp.o(.text._ZSt15get_new_handlerv)
    [Anonymous Symbol]                       0x080022bc   Section        0  new_helpers.cpp.o(.text._ZSt17__throw_bad_allocv)
    __cxx_global_var_init                    0x080022f5   Thumb Code    20  main.o(.text.__cxx_global_var_init)
    [Anonymous Symbol]                       0x080022f4   Section        0  main.o(.text.__cxx_global_var_init)
    [Anonymous Symbol]                       0x08002308   Section        0  main.o(.text.main)
    CL$$btod_d2e                             0x0800233c   Section       62  btod.o(CL$$btod_d2e)
    CL$$btod_d2e_denorm_low                  0x0800237a   Section       70  btod.o(CL$$btod_d2e_denorm_low)
    CL$$btod_d2e_norm_op1                    0x080023c0   Section       96  btod.o(CL$$btod_d2e_norm_op1)
    CL$$btod_div_common                      0x08002420   Section      824  btod.o(CL$$btod_div_common)
    CL$$btod_e2e                             0x08002758   Section      220  btod.o(CL$$btod_e2e)
    CL$$btod_ediv                            0x08002834   Section       42  btod.o(CL$$btod_ediv)
    CL$$btod_emul                            0x0800285e   Section       42  btod.o(CL$$btod_emul)
    CL$$btod_mult_common                     0x08002888   Section      580  btod.o(CL$$btod_mult_common)
    [Anonymous Symbol]                       0x08002acc   Section        0  new.cpp.o(__lcxx_override)
    i.__ARM_fpclassify                       0x08002af0   Section        0  fpclassify.o(i.__ARM_fpclassify)
    i._is_digit                              0x08002b20   Section        0  __printf_wp.o(i._is_digit)
    i.fputc                                  0x08002b2e   Section        0  fputc.o(i.fputc)
    locale$$code                             0x08002b4c   Section       44  lc_numeric_c.o(locale$$code)
    locale$$code                             0x08002b78   Section       44  lc_ctype_c.o(locale$$code)
    $v0                                      0x08002ba4   Number         0  fpinit.o(x$fpl$fpinit)
    x$fpl$fpinit                             0x08002ba4   Section       26  fpinit.o(x$fpl$fpinit)
    $v0                                      0x08002bbe   Number         0  printf1.o(x$fpl$printf1)
    x$fpl$printf1                            0x08002bbe   Section        4  printf1.o(x$fpl$printf1)
    $v0                                      0x08002bc2   Number         0  printf2.o(x$fpl$printf2)
    x$fpl$printf2                            0x08002bc2   Section        4  printf2.o(x$fpl$printf2)
    x$fpl$usenofp                            0x08002bc6   Section        0  usenofp.o(x$fpl$usenofp)
    initial_mbstate                          0x08002bc8   Data           8  _printf_wctomb.o(.constdata)
    .constdata                               0x08002bc8   Section        8  _printf_wctomb.o(.constdata)
    uc_hextab                                0x08002bd0   Data          20  _printf_hex_int_ll_ptr.o(.constdata)
    .constdata                               0x08002bd0   Section       40  _printf_hex_int_ll_ptr.o(.constdata)
    lc_hextab                                0x08002be4   Data          20  _printf_hex_int_ll_ptr.o(.constdata)
    maptable                                 0x08002bf8   Data          17  __printf_flags_ss_wp.o(.constdata)
    .constdata                               0x08002bf8   Section       17  __printf_flags_ss_wp.o(.constdata)
    lc_hextab                                0x08002c09   Data          19  _printf_fp_hex.o(.constdata)
    .constdata                               0x08002c09   Section       38  _printf_fp_hex.o(.constdata)
    uc_hextab                                0x08002c1c   Data          19  _printf_fp_hex.o(.constdata)
    .constdata                               0x08002c2f   Section        4  sys_io_names.o(.constdata)
    .constdata                               0x08002c33   Section        4  sys_io_names.o(.constdata)
    .constdata                               0x08002c37   Section        4  sys_io_names.o(.constdata)
    tenpwrs_x                                0x08002c3c   Data          60  bigflt0.o(.constdata)
    .constdata                               0x08002c3c   Section      148  bigflt0.o(.constdata)
    tenpwrs_i                                0x08002c78   Data          64  bigflt0.o(.constdata)
    locale$$data                             0x08002cf0   Section       28  lc_numeric_c.o(locale$$data)
    __lcnum_c_name                           0x08002cf4   Data           2  lc_numeric_c.o(locale$$data)
    __lcnum_c_start                          0x08002cfc   Data           0  lc_numeric_c.o(locale$$data)
    __lcnum_c_point                          0x08002d08   Data           0  lc_numeric_c.o(locale$$data)
    __lcnum_c_thousands                      0x08002d0a   Data           0  lc_numeric_c.o(locale$$data)
    __lcnum_c_grouping                       0x08002d0b   Data           0  lc_numeric_c.o(locale$$data)
    __lcnum_c_end                            0x08002d0c   Data           0  lc_numeric_c.o(locale$$data)
    locale$$data                             0x08002d0c   Section      272  lc_ctype_c.o(locale$$data)
    __lcctype_c_name                         0x08002d10   Data           2  lc_ctype_c.o(locale$$data)
    __lcctype_c_start                        0x08002d18   Data           0  lc_ctype_c.o(locale$$data)
    __lcctype_c_end                          0x08002e1c   Data           0  lc_ctype_c.o(locale$$data)
    .init_array                              0x08002e20   Section        0  init_aeabi.o(.init_array)
    .data                                    0x20000000   Section        4  stdio_streams.o(.data)
    .data                                    0x20000004   Section        4  stdio_streams.o(.data)
    .data                                    0x20000008   Section        4  stdio_streams.o(.data)
    .bss                                     0x20000010   Section       84  stdio_streams.o(.bss)
    .bss                                     0x20000064   Section       84  stdio_streams.o(.bss)
    .bss                                     0x200000b8   Section       84  stdio_streams.o(.bss)
    .bss                                     0x2000010c   Section       96  libspace.o(.bss)
    Heap_Mem                                 0x20000178   Data         512  startup_stm32f411xe.o(HEAP)
    HEAP                                     0x20000178   Section      512  startup_stm32f411xe.o(HEAP)
    Stack_Mem                                0x20000378   Data        1024  startup_stm32f411xe.o(STACK)
    STACK                                    0x20000378   Section     1024  startup_stm32f411xe.o(STACK)
    __initial_sp                             0x20000778   Data           0  startup_stm32f411xe.o(STACK)

    Global Symbols

    Symbol Name                              Value     Ov Type        Size  Object(Section)

    BuildAttributes$$THM_ISAv4$E$P$D$K$B$S$7EM$VFPi3$EXTD16$VFPS$VFMA$PE$A:L22UL41UL21$X:L11$S22US41US21$IEEE1$IW$~IW$USESV6$~STKCKD$USESV7$~SHL$OTIME$ROPI$IEEEJ$EBA8$UX$STANDARDLIB$REQ8$PRES8$EABIv2 0x00000000   Number         0  anon$$obj.o ABSOLUTE
    _printf_flags                            0x00000000   Number         0  printf_stubs.o ABSOLUTE
    _printf_return_value                     0x00000000   Number         0  printf_stubs.o ABSOLUTE
    _printf_sizespec                         0x00000000   Number         0  printf_stubs.o ABSOLUTE
    _printf_widthprec                        0x00000000   Number         0  printf_stubs.o ABSOLUTE
    __ARM_exceptions_init                     - Undefined Weak Reference
    __alloca_initialize                       - Undefined Weak Reference
    __arm_preinit_                            - Undefined Weak Reference
    __arm_relocate_pie_                       - Undefined Weak Reference
    __cxa_finalize                            - Undefined Weak Reference
    __sigvec_lookup                           - Undefined Weak Reference
    __user_heap_extent                        - Undefined Weak Reference
    _atexit_init                              - Undefined Weak Reference
    _call_atexit_fns                          - Undefined Weak Reference
    _clock_init                               - Undefined Weak Reference
    _fp_trap_init                             - Undefined Weak Reference
    _fp_trap_shutdown                         - Undefined Weak Reference
    _get_lc_collate                           - Undefined Weak Reference
    _get_lc_monetary                          - Undefined Weak Reference
    _get_lc_time                              - Undefined Weak Reference
    _getenv_init                              - Undefined Weak Reference
    _handle_redirection                       - Undefined Weak Reference
    _mutex_acquire                            - Undefined Weak Reference
    _mutex_free                               - Undefined Weak Reference
    _mutex_release                            - Undefined Weak Reference
    _printf_mbtowc                            - Undefined Weak Reference
    _printf_wc                                - Undefined Weak Reference
    _rand_init                                - Undefined Weak Reference
    _signal_finish                            - Undefined Weak Reference
    _signal_init                              - Undefined Weak Reference
    __Vectors_Size                           0x00000198   Number         0  startup_stm32f411xe.o ABSOLUTE
    __Vectors                                0x08000000   Data           4  startup_stm32f411xe.o(RESET)
    __Vectors_End                            0x08000198   Data           0  startup_stm32f411xe.o(RESET)
    __main                                   0x08000199   Thumb Code     8  __main.o(!!!main)
    __scatterload                            0x080001a1   Thumb Code     0  __scatter.o(!!!scatter)
    __scatterload_rt2                        0x080001a1   Thumb Code    84  __scatter.o(!!!scatter)
    __scatterload_rt2_thumb_only             0x080001a1   Thumb Code     0  __scatter.o(!!!scatter)
    __scatterload_loop                       0x080001ab   Thumb Code     0  __scatter.o(!!!scatter)
    __scatterload_copy                       0x080001fd   Thumb Code    26  __scatter_copy.o(!!handler_copy)
    __scatterload_null                       0x08000219   Thumb Code     2  __scatter.o(!!handler_null)
    __scatterload_zeroinit                   0x0800021d   Thumb Code    28  __scatter_zi.o(!!handler_zi)
    _printf_n                                0x08000239   Thumb Code     0  _printf_n.o(.ARM.Collect$$_printf_percent$$00000001)
    _printf_percent                          0x08000239   Thumb Code     0  _printf_percent.o(.ARM.Collect$$_printf_percent$$00000000)
    _printf_p                                0x0800023f   Thumb Code     0  _printf_p.o(.ARM.Collect$$_printf_percent$$00000002)
    _printf_f                                0x08000245   Thumb Code     0  _printf_f.o(.ARM.Collect$$_printf_percent$$00000003)
    _printf_e                                0x0800024b   Thumb Code     0  _printf_e.o(.ARM.Collect$$_printf_percent$$00000004)
    _printf_g                                0x08000251   Thumb Code     0  _printf_g.o(.ARM.Collect$$_printf_percent$$00000005)
    _printf_a                                0x08000257   Thumb Code     0  _printf_a.o(.ARM.Collect$$_printf_percent$$00000006)
    _printf_ll                               0x0800025d   Thumb Code     0  _printf_ll.o(.ARM.Collect$$_printf_percent$$00000007)
    _printf_i                                0x08000267   Thumb Code     0  _printf_i.o(.ARM.Collect$$_printf_percent$$00000008)
    _printf_d                                0x0800026d   Thumb Code     0  _printf_d.o(.ARM.Collect$$_printf_percent$$00000009)
    _printf_u                                0x08000273   Thumb Code     0  _printf_u.o(.ARM.Collect$$_printf_percent$$0000000A)
    _printf_o                                0x08000279   Thumb Code     0  _printf_o.o(.ARM.Collect$$_printf_percent$$0000000B)
    _printf_x                                0x0800027f   Thumb Code     0  _printf_x.o(.ARM.Collect$$_printf_percent$$0000000C)
    _printf_lli                              0x08000285   Thumb Code     0  _printf_lli.o(.ARM.Collect$$_printf_percent$$0000000D)
    _printf_lld                              0x0800028b   Thumb Code     0  _printf_lld.o(.ARM.Collect$$_printf_percent$$0000000E)
    _printf_llu                              0x08000291   Thumb Code     0  _printf_llu.o(.ARM.Collect$$_printf_percent$$0000000F)
    _printf_llo                              0x08000297   Thumb Code     0  _printf_llo.o(.ARM.Collect$$_printf_percent$$00000010)
    _printf_llx                              0x0800029d   Thumb Code     0  _printf_llx.o(.ARM.Collect$$_printf_percent$$00000011)
    _printf_l                                0x080002a3   Thumb Code     0  _printf_l.o(.ARM.Collect$$_printf_percent$$00000012)
    _printf_c                                0x080002ad   Thumb Code     0  _printf_c.o(.ARM.Collect$$_printf_percent$$00000013)
    _printf_s                                0x080002b3   Thumb Code     0  _printf_s.o(.ARM.Collect$$_printf_percent$$00000014)
    _printf_lc                               0x080002b9   Thumb Code     0  _printf_lc.o(.ARM.Collect$$_printf_percent$$00000015)
    _printf_ls                               0x080002bf   Thumb Code     0  _printf_ls.o(.ARM.Collect$$_printf_percent$$00000016)
    _printf_percent_end                      0x080002c5   Thumb Code     0  _printf_percent_end.o(.ARM.Collect$$_printf_percent$$00000017)
    __rt_lib_init                            0x080002c9   Thumb Code     0  libinit.o(.ARM.Collect$$libinit$$00000000)
    __rt_lib_init_fp_1                       0x080002cb   Thumb Code     0  libinit2.o(.ARM.Collect$$libinit$$00000001)
    __rt_lib_init_heap_2                     0x080002cf   Thumb Code     0  libinit2.o(.ARM.Collect$$libinit$$00000007)
    __rt_lib_init_preinit_1                  0x080002cf   Thumb Code     0  libinit2.o(.ARM.Collect$$libinit$$00000006)
    __rt_lib_init_relocate_pie_1             0x080002cf   Thumb Code     0  libinit2.o(.ARM.Collect$$libinit$$00000004)
    __rt_lib_init_heap_1                     0x080002d7   Thumb Code     0  libinit2.o(.ARM.Collect$$libinit$$0000000C)
    __rt_lib_init_lc_common                  0x080002d7   Thumb Code     0  libinit2.o(.ARM.Collect$$libinit$$00000011)
    __rt_lib_init_rand_1                     0x080002d7   Thumb Code     0  libinit2.o(.ARM.Collect$$libinit$$00000010)
    __rt_lib_init_user_alloc_1               0x080002d7   Thumb Code     0  libinit2.o(.ARM.Collect$$libinit$$0000000E)
    __rt_lib_init_lc_collate_1               0x080002dd   Thumb Code     0  libinit2.o(.ARM.Collect$$libinit$$00000013)
    __rt_lib_init_lc_ctype_2                 0x080002dd   Thumb Code     0  libinit2.o(.ARM.Collect$$libinit$$00000014)
    __rt_lib_init_lc_ctype_1                 0x080002e9   Thumb Code     0  libinit2.o(.ARM.Collect$$libinit$$00000015)
    __rt_lib_init_lc_monetary_1              0x080002e9   Thumb Code     0  libinit2.o(.ARM.Collect$$libinit$$00000017)
    __rt_lib_init_lc_numeric_2               0x080002e9   Thumb Code     0  libinit2.o(.ARM.Collect$$libinit$$00000018)
    __rt_lib_init_atexit_1                   0x080002f3   Thumb Code     0  libinit2.o(.ARM.Collect$$libinit$$0000001D)
    __rt_lib_init_clock_1                    0x080002f3   Thumb Code     0  libinit2.o(.ARM.Collect$$libinit$$00000023)
    __rt_lib_init_fp_trap_1                  0x080002f3   Thumb Code     0  libinit2.o(.ARM.Collect$$libinit$$00000021)
    __rt_lib_init_getenv_1                   0x080002f3   Thumb Code     0  libinit2.o(.ARM.Collect$$libinit$$00000025)
    __rt_lib_init_lc_numeric_1               0x080002f3   Thumb Code     0  libinit2.o(.ARM.Collect$$libinit$$00000019)
    __rt_lib_init_lc_time_1                  0x080002f3   Thumb Code     0  libinit2.o(.ARM.Collect$$libinit$$0000001B)
    __rt_lib_init_signal_1                   0x080002f3   Thumb Code     0  libinit2.o(.ARM.Collect$$libinit$$0000001F)
    __rt_lib_init_stdio_2                    0x080002f3   Thumb Code     0  libinit2.o(.ARM.Collect$$libinit$$00000026)
    __rt_lib_init_alloca_1                   0x080002f7   Thumb Code     0  libinit2.o(.ARM.Collect$$libinit$$00000030)
    __rt_lib_init_argv_1                     0x080002f7   Thumb Code     0  libinit2.o(.ARM.Collect$$libinit$$0000002E)
    __rt_lib_init_cpp_2                      0x080002f7   Thumb Code     0  libinit2.o(.ARM.Collect$$libinit$$00000033)
    __rt_lib_init_exceptions_1               0x080002f7   Thumb Code     0  libinit2.o(.ARM.Collect$$libinit$$00000032)
    __rt_lib_init_stdio_1                    0x080002f7   Thumb Code     0  libinit2.o(.ARM.Collect$$libinit$$00000027)
    __rt_lib_init_cpp_1                      0x080002fb   Thumb Code     0  libinit2.o(.ARM.Collect$$libinit$$00000034)
    __rt_lib_init_return                     0x080002fb   Thumb Code     0  libinit2.o(.ARM.Collect$$libinit$$00000035)
    __rt_lib_shutdown                        0x080002fd   Thumb Code     0  libshutdown.o(.ARM.Collect$$libshutdown$$00000000)
    __rt_lib_shutdown_cpp_1                  0x080002ff   Thumb Code     0  libshutdown2.o(.ARM.Collect$$libshutdown$$00000002)
    __rt_lib_shutdown_stdio_2                0x080002ff   Thumb Code     0  libshutdown2.o(.ARM.Collect$$libshutdown$$00000003)
    __rt_lib_shutdown_fp_trap_1              0x08000303   Thumb Code     0  libshutdown2.o(.ARM.Collect$$libshutdown$$00000007)
    __rt_lib_shutdown_heap_1                 0x08000303   Thumb Code     0  libshutdown2.o(.ARM.Collect$$libshutdown$$0000000F)
    __rt_lib_shutdown_return                 0x08000303   Thumb Code     0  libshutdown2.o(.ARM.Collect$$libshutdown$$00000010)
    __rt_lib_shutdown_signal_1               0x08000303   Thumb Code     0  libshutdown2.o(.ARM.Collect$$libshutdown$$0000000A)
    __rt_lib_shutdown_stdio_1                0x08000303   Thumb Code     0  libshutdown2.o(.ARM.Collect$$libshutdown$$00000004)
    __rt_lib_shutdown_user_alloc_1           0x08000303   Thumb Code     0  libshutdown2.o(.ARM.Collect$$libshutdown$$0000000C)
    __rt_entry                               0x08000305   Thumb Code     0  __rtentry.o(.ARM.Collect$$rtentry$$00000000)
    __rt_entry_presh_1                       0x08000305   Thumb Code     0  __rtentry2.o(.ARM.Collect$$rtentry$$00000002)
    __rt_entry_sh                            0x08000305   Thumb Code     0  __rtentry4.o(.ARM.Collect$$rtentry$$00000004)
    __rt_entry_li                            0x0800030b   Thumb Code     0  __rtentry2.o(.ARM.Collect$$rtentry$$0000000A)
    __rt_entry_postsh_1                      0x0800030b   Thumb Code     0  __rtentry2.o(.ARM.Collect$$rtentry$$00000009)
    __rt_entry_main                          0x0800030f   Thumb Code     0  __rtentry2.o(.ARM.Collect$$rtentry$$0000000D)
    __rt_entry_postli_1                      0x0800030f   Thumb Code     0  __rtentry2.o(.ARM.Collect$$rtentry$$0000000C)
    __rt_exit                                0x08000317   Thumb Code     0  rtexit.o(.ARM.Collect$$rtexit$$00000000)
    __rt_exit_ls                             0x08000319   Thumb Code     0  rtexit2.o(.ARM.Collect$$rtexit$$00000003)
    __rt_exit_prels_1                        0x08000319   Thumb Code     0  rtexit2.o(.ARM.Collect$$rtexit$$00000002)
    __rt_exit_exit                           0x0800031d   Thumb Code     0  rtexit2.o(.ARM.Collect$$rtexit$$00000004)
    Reset_Handler                            0x08000325   Thumb Code     8  startup_stm32f411xe.o(.text)
    NMI_Handler                              0x0800032d   Thumb Code     2  startup_stm32f411xe.o(.text)
    HardFault_Handler                        0x0800032f   Thumb Code     2  startup_stm32f411xe.o(.text)
    MemManage_Handler                        0x08000331   Thumb Code     2  startup_stm32f411xe.o(.text)
    BusFault_Handler                         0x08000333   Thumb Code     2  startup_stm32f411xe.o(.text)
    UsageFault_Handler                       0x08000335   Thumb Code     2  startup_stm32f411xe.o(.text)
    SVC_Handler                              0x08000337   Thumb Code     2  startup_stm32f411xe.o(.text)
    DebugMon_Handler                         0x08000339   Thumb Code     2  startup_stm32f411xe.o(.text)
    PendSV_Handler                           0x0800033b   Thumb Code     2  startup_stm32f411xe.o(.text)
    SysTick_Handler                          0x0800033d   Thumb Code     2  startup_stm32f411xe.o(.text)
    ADC_IRQHandler                           0x0800033f   Thumb Code     0  startup_stm32f411xe.o(.text)
    DMA1_Stream0_IRQHandler                  0x0800033f   Thumb Code     0  startup_stm32f411xe.o(.text)
    DMA1_Stream1_IRQHandler                  0x0800033f   Thumb Code     0  startup_stm32f411xe.o(.text)
    DMA1_Stream2_IRQHandler                  0x0800033f   Thumb Code     0  startup_stm32f411xe.o(.text)
    DMA1_Stream3_IRQHandler                  0x0800033f   Thumb Code     0  startup_stm32f411xe.o(.text)
    DMA1_Stream4_IRQHandler                  0x0800033f   Thumb Code     0  startup_stm32f411xe.o(.text)
    DMA1_Stream5_IRQHandler                  0x0800033f   Thumb Code     0  startup_stm32f411xe.o(.text)
    DMA1_Stream6_IRQHandler                  0x0800033f   Thumb Code     0  startup_stm32f411xe.o(.text)
    DMA1_Stream7_IRQHandler                  0x0800033f   Thumb Code     0  startup_stm32f411xe.o(.text)
    DMA2_Stream0_IRQHandler                  0x0800033f   Thumb Code     0  startup_stm32f411xe.o(.text)
    DMA2_Stream1_IRQHandler                  0x0800033f   Thumb Code     0  startup_stm32f411xe.o(.text)
    DMA2_Stream2_IRQHandler                  0x0800033f   Thumb Code     0  startup_stm32f411xe.o(.text)
    DMA2_Stream3_IRQHandler                  0x0800033f   Thumb Code     0  startup_stm32f411xe.o(.text)
    DMA2_Stream4_IRQHandler                  0x0800033f   Thumb Code     0  startup_stm32f411xe.o(.text)
    DMA2_Stream5_IRQHandler                  0x0800033f   Thumb Code     0  startup_stm32f411xe.o(.text)
    DMA2_Stream6_IRQHandler                  0x0800033f   Thumb Code     0  startup_stm32f411xe.o(.text)
    DMA2_Stream7_IRQHandler                  0x0800033f   Thumb Code     0  startup_stm32f411xe.o(.text)
    EXTI0_IRQHandler                         0x0800033f   Thumb Code     0  startup_stm32f411xe.o(.text)
    EXTI15_10_IRQHandler                     0x0800033f   Thumb Code     0  startup_stm32f411xe.o(.text)
    EXTI1_IRQHandler                         0x0800033f   Thumb Code     0  startup_stm32f411xe.o(.text)
    EXTI2_IRQHandler                         0x0800033f   Thumb Code     0  startup_stm32f411xe.o(.text)
    EXTI3_IRQHandler                         0x0800033f   Thumb Code     0  startup_stm32f411xe.o(.text)
    EXTI4_IRQHandler                         0x0800033f   Thumb Code     0  startup_stm32f411xe.o(.text)
    EXTI9_5_IRQHandler                       0x0800033f   Thumb Code     0  startup_stm32f411xe.o(.text)
    FLASH_IRQHandler                         0x0800033f   Thumb Code     0  startup_stm32f411xe.o(.text)
    FPU_IRQHandler                           0x0800033f   Thumb Code     0  startup_stm32f411xe.o(.text)
    I2C1_ER_IRQHandler                       0x0800033f   Thumb Code     0  startup_stm32f411xe.o(.text)
    I2C1_EV_IRQHandler                       0x0800033f   Thumb Code     0  startup_stm32f411xe.o(.text)
    I2C2_ER_IRQHandler                       0x0800033f   Thumb Code     0  startup_stm32f411xe.o(.text)
    I2C2_EV_IRQHandler                       0x0800033f   Thumb Code     0  startup_stm32f411xe.o(.text)
    I2C3_ER_IRQHandler                       0x0800033f   Thumb Code     0  startup_stm32f411xe.o(.text)
    I2C3_EV_IRQHandler                       0x0800033f   Thumb Code     0  startup_stm32f411xe.o(.text)
    OTG_FS_IRQHandler                        0x0800033f   Thumb Code     0  startup_stm32f411xe.o(.text)
    OTG_FS_WKUP_IRQHandler                   0x0800033f   Thumb Code     0  startup_stm32f411xe.o(.text)
    PVD_IRQHandler                           0x0800033f   Thumb Code     0  startup_stm32f411xe.o(.text)
    RCC_IRQHandler                           0x0800033f   Thumb Code     0  startup_stm32f411xe.o(.text)
    RTC_Alarm_IRQHandler                     0x0800033f   Thumb Code     0  startup_stm32f411xe.o(.text)
    RTC_WKUP_IRQHandler                      0x0800033f   Thumb Code     0  startup_stm32f411xe.o(.text)
    SDIO_IRQHandler                          0x0800033f   Thumb Code     0  startup_stm32f411xe.o(.text)
    SPI1_IRQHandler                          0x0800033f   Thumb Code     0  startup_stm32f411xe.o(.text)
    SPI2_IRQHandler                          0x0800033f   Thumb Code     0  startup_stm32f411xe.o(.text)
    SPI3_IRQHandler                          0x0800033f   Thumb Code     0  startup_stm32f411xe.o(.text)
    SPI4_IRQHandler                          0x0800033f   Thumb Code     0  startup_stm32f411xe.o(.text)
    SPI5_IRQHandler                          0x0800033f   Thumb Code     0  startup_stm32f411xe.o(.text)
    TAMP_STAMP_IRQHandler                    0x0800033f   Thumb Code     0  startup_stm32f411xe.o(.text)
    TIM1_BRK_TIM9_IRQHandler                 0x0800033f   Thumb Code     0  startup_stm32f411xe.o(.text)
    TIM1_CC_IRQHandler                       0x0800033f   Thumb Code     0  startup_stm32f411xe.o(.text)
    TIM1_TRG_COM_TIM11_IRQHandler            0x0800033f   Thumb Code     0  startup_stm32f411xe.o(.text)
    TIM1_UP_TIM10_IRQHandler                 0x0800033f   Thumb Code     0  startup_stm32f411xe.o(.text)
    TIM2_IRQHandler                          0x0800033f   Thumb Code     0  startup_stm32f411xe.o(.text)
    TIM3_IRQHandler                          0x0800033f   Thumb Code     0  startup_stm32f411xe.o(.text)
    TIM4_IRQHandler                          0x0800033f   Thumb Code     0  startup_stm32f411xe.o(.text)
    TIM5_IRQHandler                          0x0800033f   Thumb Code     0  startup_stm32f411xe.o(.text)
    USART1_IRQHandler                        0x0800033f   Thumb Code     0  startup_stm32f411xe.o(.text)
    USART2_IRQHandler                        0x0800033f   Thumb Code     0  startup_stm32f411xe.o(.text)
    USART6_IRQHandler                        0x0800033f   Thumb Code     0  startup_stm32f411xe.o(.text)
    WWDG_IRQHandler                          0x0800033f   Thumb Code     0  startup_stm32f411xe.o(.text)
    __user_initial_stackheap                 0x08000341   Thumb Code     0  startup_stm32f411xe.o(.text)
    __use_two_region_memory                  0x08000365   Thumb Code     2  heapauxi.o(.text)
    __rt_heap_escrow                         0x08000367   Thumb Code     2  heapauxi.o(.text)
    __rt_heap_expand                         0x08000369   Thumb Code     2  heapauxi.o(.text)
    __cpp_initialize__aeabi_                 0x0800036d   Thumb Code    36  init_aeabi.o(.text)
    malloc                                   0x08000399   Thumb Code    94  h1_alloc.o(.text)
    free                                     0x080003f7   Thumb Code    78  h1_free.o(.text)
    posix_memalign                           0x08000445   Thumb Code   174  h1_memalign.o(.text)
    _printf_pre_padding                      0x080004f3   Thumb Code    44  _printf_pad.o(.text)
    _printf_post_padding                     0x0800051f   Thumb Code    34  _printf_pad.o(.text)
    _printf_truncate_signed                  0x08000541   Thumb Code    18  _printf_truncate.o(.text)
    _printf_truncate_unsigned                0x08000553   Thumb Code    18  _printf_truncate.o(.text)
    _printf_str                              0x08000565   Thumb Code    82  _printf_str.o(.text)
    _printf_int_dec                          0x080005b9   Thumb Code   104  _printf_dec.o(.text)
    _printf_charcount                        0x08000631   Thumb Code    40  _printf_charcount.o(.text)
    _printf_char_file                        0x08000659   Thumb Code    32  _printf_char_file.o(.text)
    _printf_wctomb                           0x0800067d   Thumb Code   182  _printf_wctomb.o(.text)
    _printf_longlong_dec                     0x08000739   Thumb Code   108  _printf_longlong_dec.o(.text)
    _printf_longlong_oct                     0x080007b5   Thumb Code    68  _printf_oct_int_ll.o(.text)
    _printf_int_oct                          0x080007f9   Thumb Code    24  _printf_oct_int_ll.o(.text)
    _printf_ll_oct                           0x08000811   Thumb Code    12  _printf_oct_int_ll.o(.text)
    _printf_longlong_hex                     0x08000825   Thumb Code    86  _printf_hex_int_ll_ptr.o(.text)
    _printf_int_hex                          0x0800087b   Thumb Code    28  _printf_hex_int_ll_ptr.o(.text)
    _printf_ll_hex                           0x08000897   Thumb Code    12  _printf_hex_int_ll_ptr.o(.text)
    _printf_hex_ptr                          0x080008a3   Thumb Code    18  _printf_hex_int_ll_ptr.o(.text)
    __printf                                 0x080008b9   Thumb Code   388  __printf_flags_ss_wp.o(.text)
    __rt_heap_descriptor                     0x08000a41   Thumb Code     8  rt_heap_descriptor_intlibspace.o(.text)
    __use_no_heap                            0x08000a49   Thumb Code     2  hguard.o(.text)
    __heap$guard                             0x08000a4b   Thumb Code     2  hguard.o(.text)
    _terminate_user_alloc                    0x08000a4d   Thumb Code     2  init_alloc.o(.text)
    _init_user_alloc                         0x08000a4f   Thumb Code     2  init_alloc.o(.text)
    __Heap_Full                              0x08000a51   Thumb Code    34  init_alloc.o(.text)
    __Heap_Broken                            0x08000a73   Thumb Code     6  init_alloc.o(.text)
    _init_alloc                              0x08000a79   Thumb Code    94  init_alloc.o(.text)
    __Heap_Initialize                        0x08000ad7   Thumb Code     8  h1_init.o(.text)
    __Heap_DescSize                          0x08000adf   Thumb Code     4  h1_init.o(.text)
    _ll_udiv10                               0x08000ae3   Thumb Code   138  lludiv10.o(.text)
    _printf_int_common                       0x08000b6d   Thumb Code   178  _printf_intcommon.o(.text)
    _printf_fp_dec_real                      0x08000dcf   Thumb Code   620  _printf_fp_dec.o(.text)
    _printf_fp_hex_real                      0x0800103d   Thumb Code   756  _printf_fp_hex.o(.text)
    _printf_char_common                      0x08001343   Thumb Code    32  _printf_char_common.o(.text)
    _printf_cs_common                        0x08001369   Thumb Code    20  _printf_char.o(.text)
    _printf_char                             0x0800137d   Thumb Code    16  _printf_char.o(.text)
    _printf_string                           0x0800138d   Thumb Code     8  _printf_char.o(.text)
    _printf_lcs_common                       0x08001395   Thumb Code    20  _printf_wchar.o(.text)
    _printf_wchar                            0x080013a9   Thumb Code    16  _printf_wchar.o(.text)
    _printf_wstring                          0x080013b9   Thumb Code     8  _printf_wchar.o(.text)
    ferror                                   0x080013c1   Thumb Code     8  ferror.o(.text)
    _initio                                  0x080013c9   Thumb Code   210  initio.o(.text)
    _terminateio                             0x0800149b   Thumb Code    56  initio.o(.text)
    _c16rtomb                                0x08001501   Thumb Code    72  _c16rtomb.o(.text)
    _wcrtomb                                 0x08001501   Thumb Code     0  _c16rtomb.o(.text)
    __user_libspace                          0x08001549   Thumb Code     8  libspace.o(.text)
    __user_perproc_libspace                  0x08001549   Thumb Code     0  libspace.o(.text)
    __user_perthread_libspace                0x08001549   Thumb Code     0  libspace.o(.text)
    __user_setup_stackheap                   0x08001551   Thumb Code    74  sys_stackheap_outer.o(.text)
    __rt_ctype_table                         0x0800159d   Thumb Code    16  rt_ctype_table.o(.text)
    __rt_locale                              0x080015ad   Thumb Code     8  rt_locale_intlibspace.o(.text)
    __Heap_ProvideMemory                     0x080015b5   Thumb Code    52  h1_extend.o(.text)
    _maybe_terminate_alloc                   0x080015b5   Thumb Code     0  maybetermalloc1.o(.text)
    vfprintf                                 0x080015e9   Thumb Code    10  vfprintf.o(.text)
    _printf_fp_infnan                        0x080015f5   Thumb Code   112  _printf_fp_infnan.o(.text)
    _btod_etento                             0x08001675   Thumb Code   224  bigflt0.o(.text)
    __flsbuf                                 0x08001759   Thumb Code   482  flsbuf.o(.text)
    __flsbuf_byte                            0x08001759   Thumb Code     0  flsbuf.o(.text)
    __flsbuf_wide                            0x08001759   Thumb Code     0  flsbuf.o(.text)
    setvbuf                                  0x0800193b   Thumb Code    70  setvbuf.o(.text)
    freopen                                  0x08001981   Thumb Code   160  fopen.o(.text)
    fopen                                    0x08001a21   Thumb Code    74  fopen.o(.text)
    _fclose_internal                         0x08001a71   Thumb Code    76  fclose.o(.text)
    fclose                                   0x08001a71   Thumb Code     0  fclose.o(.text)
    exit                                     0x08001abd   Thumb Code    18  exit.o(.text)
    abort                                    0x08001acf   Thumb Code    22  abort.o(.text)
    __rt_SIGRTRED                            0x08001ae5   Thumb Code    14  defsig_rtred_outer.o(.text)
    __rt_SIGRTMEM                            0x08001af3   Thumb Code    14  defsig_rtmem_outer.o(.text)
    __aeabi_memclr4                          0x08001b01   Thumb Code     0  rt_memclr_w.o(.text)
    __aeabi_memclr8                          0x08001b01   Thumb Code     0  rt_memclr_w.o(.text)
    __rt_memclr_w                            0x08001b01   Thumb Code     0  rt_memclr_w.o(.text)
    _memset_w                                0x08001b05   Thumb Code    74  rt_memclr_w.o(.text)
    _sys_open                                0x08001b4f   Thumb Code    20  sys_io.o(.text)
    _sys_close                               0x08001b63   Thumb Code    12  sys_io.o(.text)
    _sys_write                               0x08001b6f   Thumb Code    16  sys_io.o(.text)
    _sys_read                                0x08001b7f   Thumb Code    14  sys_io.o(.text)
    _sys_istty                               0x08001b8d   Thumb Code    12  sys_io.o(.text)
    _sys_seek                                0x08001b99   Thumb Code    14  sys_io.o(.text)
    _sys_ensure                              0x08001ba7   Thumb Code     2  sys_io.o(.text)
    _sys_flen                                0x08001ba9   Thumb Code    12  sys_io.o(.text)
    _sys_exit                                0x08001bb5   Thumb Code     8  sys_exit.o(.text)
    __I$use$semihosting                      0x08001bc1   Thumb Code     0  use_no_semi.o(.text)
    __use_no_semihosting_swi                 0x08001bc1   Thumb Code     2  use_no_semi.o(.text)
    __semihosting_library_function           0x08001bc3   Thumb Code     0  indicate_semi.o(.text)
    _fseek                                   0x08001bc5   Thumb Code   242  fseek.o(.text)
    fseek                                    0x08001bc5   Thumb Code     0  fseek.o(.text)
    _seterr                                  0x08001cbd   Thumb Code    20  stdio.o(.text)
    _writebuf                                0x08001cd1   Thumb Code   108  stdio.o(.text)
    _fflush                                  0x08001d3d   Thumb Code    70  stdio.o(.text)
    _deferredlazyseek                        0x08001d83   Thumb Code    60  stdio.o(.text)
    __sig_exit                               0x08001dc5   Thumb Code    10  defsig_exit.o(.text)
    __rt_SIGABRT                             0x08001dcf   Thumb Code    14  defsig_abrt_outer.o(.text)
    __rt_SIGRTRED_inner                      0x08001ddd   Thumb Code    14  defsig_rtred_inner.o(.text)
    __rt_SIGRTMEM_inner                      0x08001e11   Thumb Code    22  defsig_rtmem_inner.o(.text)
    strcmp                                   0x08001e61   Thumb Code   124  strcmpv7em.o(.text)
    _ftell_internal                          0x08001edd   Thumb Code    66  ftell.o(.text)
    ftell                                    0x08001edd   Thumb Code     0  ftell.o(.text)
    __default_signal_display                 0x08001f1f   Thumb Code    50  defsig_general.o(.text)
    __rt_SIGABRT_inner                       0x08001f51   Thumb Code    14  defsig_abrt_inner.o(.text)
    strlen                                   0x08001f81   Thumb Code    62  strlen.o(.text)
    _ttywrch                                 0x08001fbf   Thumb Code    14  sys_wrch.o(.text)
    __aeabi_errno_addr                       0x08001fcd   Thumb Code     8  rt_errno_addr_intlibspace.o(.text)
    __errno$intlibspace                      0x08001fcd   Thumb Code     0  rt_errno_addr_intlibspace.o(.text)
    __rt_errno_addr$intlibspace              0x08001fcd   Thumb Code     0  rt_errno_addr_intlibspace.o(.text)
    SystemInit                               0x08001fd5   Thumb Code   110  system_stm32f4xx.o(.text.SystemInit)
    USART2_Init()                            0x0800204d   Thumb Code   130  uart.o(.text._Z11USART2_Initv)
    Led::Led(LedColor_Type, LedState_Type)   0x08002145   Thumb Code   332  led.o(.text._ZN3LedC2E13LedColor_Type13LedState_Type)
    Led::Led__sub_object(LedColor_Type, LedState_Type) 0x08002145   Thumb Code   332  led.o(.text._ZN3LedC2E13LedColor_Type13LedState_Type)
    std::__2::__libcpp_verbose_abort(char const*, ...) 0x08002291   Thumb Code    30  verbose_abort.cpp.o(.text._ZNSt3__222__libcpp_verbose_abortEPKcz)
    std::get_new_handler()                   0x080022af   Thumb Code    12  cxa_handlers.cpp.o(.text._ZSt15get_new_handlerv)
    std::__throw_bad_alloc()                 0x080022bd   Thumb Code     8  new_helpers.cpp.o(.text._ZSt17__throw_bad_allocv)
    main                                     0x08002309   Thumb Code    52  main.o(.text.main)
    _btod_d2e                                0x0800233d   Thumb Code    62  btod.o(CL$$btod_d2e)
    _d2e_denorm_low                          0x0800237b   Thumb Code    70  btod.o(CL$$btod_d2e_denorm_low)
    _d2e_norm_op1                            0x080023c1   Thumb Code    96  btod.o(CL$$btod_d2e_norm_op1)
    __btod_div_common                        0x08002421   Thumb Code   696  btod.o(CL$$btod_div_common)
    _e2e                                     0x08002759   Thumb Code   220  btod.o(CL$$btod_e2e)
    _btod_ediv                               0x08002835   Thumb Code    42  btod.o(CL$$btod_ediv)
    _btod_emul                               0x0800285f   Thumb Code    42  btod.o(CL$$btod_emul)
    __btod_mult_common                       0x08002889   Thumb Code   580  btod.o(CL$$btod_mult_common)
    operator new(unsigned int)               0x08002acd   Thumb Code    14  new.cpp.o(__lcxx_override)
    __lcxx_override$$Base                    0x08002acc   Number         0  new.cpp.o(__lcxx_override)
    operator new[](unsigned int)             0x08002adb   Thumb Code     4  new.cpp.o(__lcxx_override)
    operator new(unsigned int, std::align_val_t) 0x08002adf   Thumb Code    14  new.cpp.o(__lcxx_override)
    operator new[](unsigned int, std::align_val_t) 0x08002aed   Thumb Code     4  new.cpp.o(__lcxx_override)
    __ARM_fpclassify                         0x08002af1   Thumb Code    48  fpclassify.o(i.__ARM_fpclassify)
    __lcxx_override$$Limit                   0x08002af0   Number         0  new.cpp.o(__lcxx_override)
    _is_digit                                0x08002b21   Thumb Code    14  __printf_wp.o(i._is_digit)
    fputc                                    0x08002b2f   Thumb Code    28  fputc.o(i.fputc)
    _get_lc_numeric                          0x08002b4d   Thumb Code    44  lc_numeric_c.o(locale$$code)
    _get_lc_ctype                            0x08002b79   Thumb Code    44  lc_ctype_c.o(locale$$code)
    _fp_init                                 0x08002ba5   Thumb Code    26  fpinit.o(x$fpl$fpinit)
    __fplib_config_fpu_vfp                   0x08002bbd   Thumb Code     0  fpinit.o(x$fpl$fpinit)
    __fplib_config_pureend_doubles           0x08002bbd   Thumb Code     0  fpinit.o(x$fpl$fpinit)
    _printf_fp_dec                           0x08002bbf   Thumb Code     4  printf1.o(x$fpl$printf1)
    _printf_fp_hex                           0x08002bc3   Thumb Code     4  printf2.o(x$fpl$printf2)
    __I$use$fp                               0x08002bc6   Number         0  usenofp.o(x$fpl$usenofp)
    __stdin_name                             0x08002c2f   Data           4  sys_io_names.o(.constdata)
    __stdout_name                            0x08002c33   Data           4  sys_io_names.o(.constdata)
    __stderr_name                            0x08002c37   Data           4  sys_io_names.o(.constdata)
    Region$$Table$$Base                      0x08002cd0   Number         0  anon$$obj.o(Region$$Table)
    Region$$Table$$Limit                     0x08002cf0   Number         0  anon$$obj.o(Region$$Table)
    __ctype                                  0x08002d19   Data           0  lc_ctype_c.o(locale$$data)
    SHT$$INIT_ARRAY$$Base                    0x08002e1c   Number         0  main.o(.init_array)
    SHT$$INIT_ARRAY$$Limit                   0x08002e20   Number         0  init_aeabi.o(.init_array)
    __aeabi_stdin                            0x20000000   Data           4  stdio_streams.o(.data)
    __aeabi_stdout                           0x20000004   Data           4  stdio_streams.o(.data)
    __aeabi_stderr                           0x20000008   Data           4  stdio_streams.o(.data)
    __stdin                                  0x20000010   Data          84  stdio_streams.o(.bss)
    __stdout                                 0x20000064   Data          84  stdio_streams.o(.bss)
    __stderr                                 0x200000b8   Data          84  stdio_streams.o(.bss)
    __libspace_start                         0x2000010c   Data          96  libspace.o(.bss)
    __cxa_new_handler                        0x2000016c   Data           4  cxa_default_handlers.cpp.o(.bss.__cxa_new_handler)
    __temporary_stack_top$libspace           0x2000016c   Data           0  libspace.o(.bss)
    red                                      0x20000170   Data           2  main.o(.bss.red)



==============================================================================

Memory Map of the image

  Image Entry point : 0x08000325

  Load Region LR_1 (Base: 0x08000000, Size: 0x00002e2c, Max: 0xffffffff, ABSOLUTE)

    Execution Region ER_RO (Exec base: 0x08000000, Load base: 0x08000000, Size: 0x00002e20, Max: 0xffffffff, ABSOLUTE)

    Exec Addr    Load Addr    Size         Type   Attr      Idx    E Section Name        Object

    0x08000000   0x08000000   0x00000198   Data   RO           46    RESET               startup_stm32f411xe.o
    0x08000198   0x08000198   0x00000008   Code   RO           72  * !!!main             c_w.l(__main.o)
    0x080001a0   0x080001a0   0x0000005c   Code   RO          696    !!!scatter          c_w.l(__scatter.o)
    0x080001fc   0x080001fc   0x0000001a   Code   RO          700    !!handler_copy      c_w.l(__scatter_copy.o)
    0x08000216   0x08000216   0x00000002   PAD
    0x08000218   0x08000218   0x00000002   Code   RO          697    !!handler_null      c_w.l(__scatter.o)
    0x0800021a   0x0800021a   0x00000002   PAD
    0x0800021c   0x0800021c   0x0000001c   Code   RO          702    !!handler_zi        c_w.l(__scatter_zi.o)
    0x08000238   0x08000238   0x00000000   Code   RO          266    .ARM.Collect$$_printf_percent$$00000000  c_w.l(_printf_percent.o)
    0x08000238   0x08000238   0x00000006   Code   RO          255    .ARM.Collect$$_printf_percent$$00000001  c_w.l(_printf_n.o)
    0x0800023e   0x0800023e   0x00000006   Code   RO          257    .ARM.Collect$$_printf_percent$$00000002  c_w.l(_printf_p.o)
    0x08000244   0x08000244   0x00000006   Code   RO          262    .ARM.Collect$$_printf_percent$$00000003  c_w.l(_printf_f.o)
    0x0800024a   0x0800024a   0x00000006   Code   RO          263    .ARM.Collect$$_printf_percent$$00000004  c_w.l(_printf_e.o)
    0x08000250   0x08000250   0x00000006   Code   RO          264    .ARM.Collect$$_printf_percent$$00000005  c_w.l(_printf_g.o)
    0x08000256   0x08000256   0x00000006   Code   RO          265    .ARM.Collect$$_printf_percent$$00000006  c_w.l(_printf_a.o)
    0x0800025c   0x0800025c   0x0000000a   Code   RO          270    .ARM.Collect$$_printf_percent$$00000007  c_w.l(_printf_ll.o)
    0x08000266   0x08000266   0x00000006   Code   RO          259    .ARM.Collect$$_printf_percent$$00000008  c_w.l(_printf_i.o)
    0x0800026c   0x0800026c   0x00000006   Code   RO          260    .ARM.Collect$$_printf_percent$$00000009  c_w.l(_printf_d.o)
    0x08000272   0x08000272   0x00000006   Code   RO          261    .ARM.Collect$$_printf_percent$$0000000A  c_w.l(_printf_u.o)
    0x08000278   0x08000278   0x00000006   Code   RO          258    .ARM.Collect$$_printf_percent$$0000000B  c_w.l(_printf_o.o)
    0x0800027e   0x0800027e   0x00000006   Code   RO          256    .ARM.Collect$$_printf_percent$$0000000C  c_w.l(_printf_x.o)
    0x08000284   0x08000284   0x00000006   Code   RO          267    .ARM.Collect$$_printf_percent$$0000000D  c_w.l(_printf_lli.o)
    0x0800028a   0x0800028a   0x00000006   Code   RO          268    .ARM.Collect$$_printf_percent$$0000000E  c_w.l(_printf_lld.o)
    0x08000290   0x08000290   0x00000006   Code   RO          269    .ARM.Collect$$_printf_percent$$0000000F  c_w.l(_printf_llu.o)
    0x08000296   0x08000296   0x00000006   Code   RO          274    .ARM.Collect$$_printf_percent$$00000010  c_w.l(_printf_llo.o)
    0x0800029c   0x0800029c   0x00000006   Code   RO          275    .ARM.Collect$$_printf_percent$$00000011  c_w.l(_printf_llx.o)
    0x080002a2   0x080002a2   0x0000000a   Code   RO          271    .ARM.Collect$$_printf_percent$$00000012  c_w.l(_printf_l.o)
    0x080002ac   0x080002ac   0x00000006   Code   RO          253    .ARM.Collect$$_printf_percent$$00000013  c_w.l(_printf_c.o)
    0x080002b2   0x080002b2   0x00000006   Code   RO          254    .ARM.Collect$$_printf_percent$$00000014  c_w.l(_printf_s.o)
    0x080002b8   0x080002b8   0x00000006   Code   RO          272    .ARM.Collect$$_printf_percent$$00000015  c_w.l(_printf_lc.o)
    0x080002be   0x080002be   0x00000006   Code   RO          273    .ARM.Collect$$_printf_percent$$00000016  c_w.l(_printf_ls.o)
    0x080002c4   0x080002c4   0x00000004   Code   RO          419    .ARM.Collect$$_printf_percent$$00000017  c_w.l(_printf_percent_end.o)
    0x080002c8   0x080002c8   0x00000002   Code   RO          565    .ARM.Collect$$libinit$$00000000  c_w.l(libinit.o)
    0x080002ca   0x080002ca   0x00000004   Code   RO          282    .ARM.Collect$$libinit$$00000001  c_w.l(libinit2.o)
    0x080002ce   0x080002ce   0x00000000   Code   RO          285    .ARM.Collect$$libinit$$00000004  c_w.l(libinit2.o)
    0x080002ce   0x080002ce   0x00000000   Code   RO          287    .ARM.Collect$$libinit$$00000006  c_w.l(libinit2.o)
    0x080002ce   0x080002ce   0x00000008   Code   RO          288    .ARM.Collect$$libinit$$00000007  c_w.l(libinit2.o)
    0x080002d6   0x080002d6   0x00000000   Code   RO          290    .ARM.Collect$$libinit$$0000000C  c_w.l(libinit2.o)
    0x080002d6   0x080002d6   0x00000000   Code   RO          292    .ARM.Collect$$libinit$$0000000E  c_w.l(libinit2.o)
    0x080002d6   0x080002d6   0x00000000   Code   RO          294    .ARM.Collect$$libinit$$00000010  c_w.l(libinit2.o)
    0x080002d6   0x080002d6   0x00000006   Code   RO          295    .ARM.Collect$$libinit$$00000011  c_w.l(libinit2.o)
    0x080002dc   0x080002dc   0x00000000   Code   RO          297    .ARM.Collect$$libinit$$00000013  c_w.l(libinit2.o)
    0x080002dc   0x080002dc   0x0000000c   Code   RO          298    .ARM.Collect$$libinit$$00000014  c_w.l(libinit2.o)
    0x080002e8   0x080002e8   0x00000000   Code   RO          299    .ARM.Collect$$libinit$$00000015  c_w.l(libinit2.o)
    0x080002e8   0x080002e8   0x00000000   Code   RO          301    .ARM.Collect$$libinit$$00000017  c_w.l(libinit2.o)
    0x080002e8   0x080002e8   0x0000000a   Code   RO          302    .ARM.Collect$$libinit$$00000018  c_w.l(libinit2.o)
    0x080002f2   0x080002f2   0x00000000   Code   RO          303    .ARM.Collect$$libinit$$00000019  c_w.l(libinit2.o)
    0x080002f2   0x080002f2   0x00000000   Code   RO          305    .ARM.Collect$$libinit$$0000001B  c_w.l(libinit2.o)
    0x080002f2   0x080002f2   0x00000000   Code   RO          307    .ARM.Collect$$libinit$$0000001D  c_w.l(libinit2.o)
    0x080002f2   0x080002f2   0x00000000   Code   RO          309    .ARM.Collect$$libinit$$0000001F  c_w.l(libinit2.o)
    0x080002f2   0x080002f2   0x00000000   Code   RO          311    .ARM.Collect$$libinit$$00000021  c_w.l(libinit2.o)
    0x080002f2   0x080002f2   0x00000000   Code   RO          313    .ARM.Collect$$libinit$$00000023  c_w.l(libinit2.o)
    0x080002f2   0x080002f2   0x00000000   Code   RO          315    .ARM.Collect$$libinit$$00000025  c_w.l(libinit2.o)
    0x080002f2   0x080002f2   0x00000004   Code   RO          316    .ARM.Collect$$libinit$$00000026  c_w.l(libinit2.o)
    0x080002f6   0x080002f6   0x00000000   Code   RO          317    .ARM.Collect$$libinit$$00000027  c_w.l(libinit2.o)
    0x080002f6   0x080002f6   0x00000000   Code   RO          321    .ARM.Collect$$libinit$$0000002E  c_w.l(libinit2.o)
    0x080002f6   0x080002f6   0x00000000   Code   RO          323    .ARM.Collect$$libinit$$00000030  c_w.l(libinit2.o)
    0x080002f6   0x080002f6   0x00000000   Code   RO          325    .ARM.Collect$$libinit$$00000032  c_w.l(libinit2.o)
    0x080002f6   0x080002f6   0x00000004   Code   RO          326    .ARM.Collect$$libinit$$00000033  c_w.l(libinit2.o)
    0x080002fa   0x080002fa   0x00000000   Code   RO          327    .ARM.Collect$$libinit$$00000034  c_w.l(libinit2.o)
    0x080002fa   0x080002fa   0x00000002   Code   RO          328    .ARM.Collect$$libinit$$00000035  c_w.l(libinit2.o)
    0x080002fc   0x080002fc   0x00000002   Code   RO          681    .ARM.Collect$$libshutdown$$00000000  c_w.l(libshutdown.o)
    0x080002fe   0x080002fe   0x00000000   Code   RO          567    .ARM.Collect$$libshutdown$$00000002  c_w.l(libshutdown2.o)
    0x080002fe   0x080002fe   0x00000004   Code   RO          568    .ARM.Collect$$libshutdown$$00000003  c_w.l(libshutdown2.o)
    0x08000302   0x08000302   0x00000000   Code   RO          569    .ARM.Collect$$libshutdown$$00000004  c_w.l(libshutdown2.o)
    0x08000302   0x08000302   0x00000000   Code   RO          572    .ARM.Collect$$libshutdown$$00000007  c_w.l(libshutdown2.o)
    0x08000302   0x08000302   0x00000000   Code   RO          575    .ARM.Collect$$libshutdown$$0000000A  c_w.l(libshutdown2.o)
    0x08000302   0x08000302   0x00000000   Code   RO          577    .ARM.Collect$$libshutdown$$0000000C  c_w.l(libshutdown2.o)
    0x08000302   0x08000302   0x00000000   Code   RO          580    .ARM.Collect$$libshutdown$$0000000F  c_w.l(libshutdown2.o)
    0x08000302   0x08000302   0x00000002   Code   RO          581    .ARM.Collect$$libshutdown$$00000010  c_w.l(libshutdown2.o)
    0x08000304   0x08000304   0x00000000   Code   RO          120    .ARM.Collect$$rtentry$$00000000  c_w.l(__rtentry.o)
    0x08000304   0x08000304   0x00000000   Code   RO          365    .ARM.Collect$$rtentry$$00000002  c_w.l(__rtentry2.o)
    0x08000304   0x08000304   0x00000006   Code   RO          377    .ARM.Collect$$rtentry$$00000004  c_w.l(__rtentry4.o)
    0x0800030a   0x0800030a   0x00000000   Code   RO          367    .ARM.Collect$$rtentry$$00000009  c_w.l(__rtentry2.o)
    0x0800030a   0x0800030a   0x00000004   Code   RO          368    .ARM.Collect$$rtentry$$0000000A  c_w.l(__rtentry2.o)
    0x0800030e   0x0800030e   0x00000000   Code   RO          370    .ARM.Collect$$rtentry$$0000000C  c_w.l(__rtentry2.o)
    0x0800030e   0x0800030e   0x00000008   Code   RO          371    .ARM.Collect$$rtentry$$0000000D  c_w.l(__rtentry2.o)
    0x08000316   0x08000316   0x00000002   Code   RO          600    .ARM.Collect$$rtexit$$00000000  c_w.l(rtexit.o)
    0x08000318   0x08000318   0x00000000   Code   RO          636    .ARM.Collect$$rtexit$$00000002  c_w.l(rtexit2.o)
    0x08000318   0x08000318   0x00000004   Code   RO          637    .ARM.Collect$$rtexit$$00000003  c_w.l(rtexit2.o)
    0x0800031c   0x0800031c   0x00000006   Code   RO          638    .ARM.Collect$$rtexit$$00000004  c_w.l(rtexit2.o)
    0x08000322   0x08000322   0x00000002   PAD
    0x08000324   0x08000324   0x00000040   Code   RO           47  * .text               startup_stm32f411xe.o
    0x08000364   0x08000364   0x00000006   Code   RO           70    .text               c_w.l(heapauxi.o)
    0x0800036a   0x0800036a   0x00000002   PAD
    0x0800036c   0x0800036c   0x0000002c   Code   RO           77    .text               c_w.l(init_aeabi.o)
    0x08000398   0x08000398   0x0000005e   Code   RO          125    .text               c_w.l(h1_alloc.o)
    0x080003f6   0x080003f6   0x0000004e   Code   RO          127    .text               c_w.l(h1_free.o)
    0x08000444   0x08000444   0x000000ae   Code   RO          129    .text               c_w.l(h1_memalign.o)
    0x080004f2   0x080004f2   0x0000004e   Code   RO          189    .text               c_w.l(_printf_pad.o)
    0x08000540   0x08000540   0x00000024   Code   RO          191    .text               c_w.l(_printf_truncate.o)
    0x08000564   0x08000564   0x00000052   Code   RO          193    .text               c_w.l(_printf_str.o)
    0x080005b6   0x080005b6   0x00000002   PAD
    0x080005b8   0x080005b8   0x00000078   Code   RO          195    .text               c_w.l(_printf_dec.o)
    0x08000630   0x08000630   0x00000028   Code   RO          197    .text               c_w.l(_printf_charcount.o)
    0x08000658   0x08000658   0x00000024   Code   RO          199    .text               c_w.l(_printf_char_file.o)
    0x0800067c   0x0800067c   0x000000bc   Code   RO          201    .text               c_w.l(_printf_wctomb.o)
    0x08000738   0x08000738   0x0000007c   Code   RO          204    .text               c_w.l(_printf_longlong_dec.o)
    0x080007b4   0x080007b4   0x00000070   Code   RO          210    .text               c_w.l(_printf_oct_int_ll.o)
    0x08000824   0x08000824   0x00000094   Code   RO          230    .text               c_w.l(_printf_hex_int_ll_ptr.o)
    0x080008b8   0x080008b8   0x00000188   Code   RO          250    .text               c_w.l(__printf_flags_ss_wp.o)
    0x08000a40   0x08000a40   0x00000008   Code   RO          382    .text               c_w.l(rt_heap_descriptor_intlibspace.o)
    0x08000a48   0x08000a48   0x00000004   Code   RO          384    .text               c_w.l(hguard.o)
    0x08000a4c   0x08000a4c   0x0000008a   Code   RO          386    .text               c_w.l(init_alloc.o)
    0x08000ad6   0x08000ad6   0x0000000c   Code   RO          390    .text               c_w.l(h1_init.o)
    0x08000ae2   0x08000ae2   0x0000008a   Code   RO          402    .text               c_w.l(lludiv10.o)
    0x08000b6c   0x08000b6c   0x000000b2   Code   RO          404    .text               c_w.l(_printf_intcommon.o)
    0x08000c1e   0x08000c1e   0x0000041c   Code   RO          406    .text               c_w.l(_printf_fp_dec.o)
    0x0800103a   0x0800103a   0x00000002   PAD
    0x0800103c   0x0800103c   0x000002fc   Code   RO          410    .text               c_w.l(_printf_fp_hex.o)
    0x08001338   0x08001338   0x00000030   Code   RO          413    .text               c_w.l(_printf_char_common.o)
    0x08001368   0x08001368   0x0000002c   Code   RO          415    .text               c_w.l(_printf_char.o)
    0x08001394   0x08001394   0x0000002c   Code   RO          417    .text               c_w.l(_printf_wchar.o)
    0x080013c0   0x080013c0   0x00000008   Code   RO          420    .text               c_w.l(ferror.o)
    0x080013c8   0x080013c8   0x00000138   Code   RO          426    .text               c_w.l(initio.o)
    0x08001500   0x08001500   0x00000048   Code   RO          434    .text               c_w.l(_c16rtomb.o)
    0x08001548   0x08001548   0x00000008   Code   RO          470    .text               c_w.l(libspace.o)
    0x08001550   0x08001550   0x0000004a   Code   RO          473    .text               c_w.l(sys_stackheap_outer.o)
    0x0800159a   0x0800159a   0x00000002   PAD
    0x0800159c   0x0800159c   0x00000010   Code   RO          475    .text               c_w.l(rt_ctype_table.o)
    0x080015ac   0x080015ac   0x00000008   Code   RO          480    .text               c_w.l(rt_locale_intlibspace.o)
    0x080015b4   0x080015b4   0x00000000   Code   RO          484    .text               c_w.l(maybetermalloc1.o)
    0x080015b4   0x080015b4   0x00000034   Code   RO          486    .text               c_w.l(h1_extend.o)
    0x080015e8   0x080015e8   0x0000000a   Code   RO          490    .text               c_w.l(vfprintf.o)
    0x080015f2   0x080015f2   0x00000002   PAD
    0x080015f4   0x080015f4   0x00000080   Code   RO          492    .text               c_w.l(_printf_fp_infnan.o)
    0x08001674   0x08001674   0x000000e4   Code   RO          496    .text               c_w.l(bigflt0.o)
    0x08001758   0x08001758   0x000001e2   Code   RO          523    .text               c_w.l(flsbuf.o)
    0x0800193a   0x0800193a   0x00000046   Code   RO          525    .text               c_w.l(setvbuf.o)
    0x08001980   0x08001980   0x000000f0   Code   RO          528    .text               c_w.l(fopen.o)
    0x08001a70   0x08001a70   0x0000004c   Code   RO          530    .text               c_w.l(fclose.o)
    0x08001abc   0x08001abc   0x00000012   Code   RO          539    .text               c_w.l(exit.o)
    0x08001ace   0x08001ace   0x00000016   Code   RO          541    .text               c_w.l(abort.o)
    0x08001ae4   0x08001ae4   0x0000000e   Code   RO          543    .text               c_w.l(defsig_rtred_outer.o)
    0x08001af2   0x08001af2   0x0000000e   Code   RO          547    .text               c_w.l(defsig_rtmem_outer.o)
    0x08001b00   0x08001b00   0x0000004e   Code   RO          551    .text               c_w.l(rt_memclr_w.o)
    0x08001b4e   0x08001b4e   0x00000066   Code   RO          589    .text               c_w.l(sys_io.o)
    0x08001bb4   0x08001bb4   0x0000000c   Code   RO          591    .text               c_w.l(sys_exit.o)
    0x08001bc0   0x08001bc0   0x00000002   Code   RO          597    .text               c_w.l(use_no_semi.o)
    0x08001bc2   0x08001bc2   0x00000000   Code   RO          599    .text               c_w.l(indicate_semi.o)
    0x08001bc2   0x08001bc2   0x00000002   PAD
    0x08001bc4   0x08001bc4   0x000000f8   Code   RO          610    .text               c_w.l(fseek.o)
    0x08001cbc   0x08001cbc   0x00000108   Code   RO          612    .text               c_w.l(stdio.o)
    0x08001dc4   0x08001dc4   0x0000000a   Code   RO          621    .text               c_w.l(defsig_exit.o)
    0x08001dce   0x08001dce   0x0000000e   Code   RO          623    .text               c_w.l(defsig_abrt_outer.o)
    0x08001ddc   0x08001ddc   0x00000034   Code   RO          627    .text               c_w.l(defsig_rtred_inner.o)
    0x08001e10   0x08001e10   0x00000050   Code   RO          629    .text               c_w.l(defsig_rtmem_inner.o)
    0x08001e60   0x08001e60   0x0000007c   Code   RO          633    .text               c_w.l(strcmpv7em.o)
    0x08001edc   0x08001edc   0x00000042   Code   RO          652    .text               c_w.l(ftell.o)
    0x08001f1e   0x08001f1e   0x00000032   Code   RO          660    .text               c_w.l(defsig_general.o)
    0x08001f50   0x08001f50   0x00000030   Code   RO          662    .text               c_w.l(defsig_abrt_inner.o)
    0x08001f80   0x08001f80   0x0000003e   Code   RO          664    .text               c_w.l(strlen.o)
    0x08001fbe   0x08001fbe   0x0000000e   Code   RO          668    .text               c_w.l(sys_wrch.o)
    0x08001fcc   0x08001fcc   0x00000008   Code   RO          675    .text               c_w.l(rt_errno_addr_intlibspace.o)
    0x08001fd4   0x08001fd4   0x0000006e   Code   RO           54    .text.SystemInit    system_stm32f4xx.o
    0x08002042   0x08002042   0x00000002   PAD
    0x08002044   0x08002044   0x00000008   Code   RO            6    .text._GLOBAL__sub_I_main.cpp  main.o
    0x0800204c   0x0800204c   0x00000082   Code   RO           32    .text._Z11USART2_Initv  uart.o
    0x080020ce   0x080020ce   0x00000002   PAD
    0x080020d0   0x080020d0   0x00000026   Code   RO           83    .text._ZL17operator_new_implj  libcpp_w.l(new.cpp.o)
    0x080020f6   0x080020f6   0x00000002   PAD
    0x080020f8   0x080020f8   0x0000004a   Code   RO          101    .text._ZL25operator_new_aligned_impljSt11align_val_t  libcpp_w.l(new.cpp.o)
    0x08002142   0x08002142   0x00000002   PAD
    0x08002144   0x08002144   0x0000014c   Code   RO           18    .text._ZN3LedC2E13LedColor_Type13LedState_Type  led.o
    0x08002290   0x08002290   0x0000001e   Code   RO          445    .text._ZNSt3__222__libcpp_verbose_abortEPKcz  libcpp_w.l(verbose_abort.cpp.o)
    0x080022ae   0x080022ae   0x0000000c   Code   RO          359    .text._ZSt15get_new_handlerv  libcppabi_w.l(cxa_handlers.cpp.o)
    0x080022ba   0x080022ba   0x00000002   PAD
    0x080022bc   0x080022bc   0x00000038   Code   RO          342    .text._ZSt17__throw_bad_allocv  libcpp_w.l(new_helpers.cpp.o)
    0x080022f4   0x080022f4   0x00000014   Code   RO            2    .text.__cxx_global_var_init  main.o
    0x08002308   0x08002308   0x00000034   Code   RO            4    .text.main          main.o
    0x0800233c   0x0800233c   0x0000003e   Code   RO          499    CL$$btod_d2e        c_w.l(btod.o)
    0x0800237a   0x0800237a   0x00000046   Code   RO          501    CL$$btod_d2e_denorm_low  c_w.l(btod.o)
    0x080023c0   0x080023c0   0x00000060   Code   RO          500    CL$$btod_d2e_norm_op1  c_w.l(btod.o)
    0x08002420   0x08002420   0x00000338   Code   RO          509    CL$$btod_div_common  c_w.l(btod.o)
    0x08002758   0x08002758   0x000000dc   Code   RO          506    CL$$btod_e2e        c_w.l(btod.o)
    0x08002834   0x08002834   0x0000002a   Code   RO          503    CL$$btod_ediv       c_w.l(btod.o)
    0x0800285e   0x0800285e   0x0000002a   Code   RO          502    CL$$btod_emul       c_w.l(btod.o)
    0x08002888   0x08002888   0x00000244   Code   RO          508    CL$$btod_mult_common  c_w.l(btod.o)
    0x08002acc   0x08002acc   0x00000024   Code   RO           81    __lcxx_override     libcpp_w.l(new.cpp.o)
    0x08002af0   0x08002af0   0x00000030   Code   RO          587    i.__ARM_fpclassify  m_wm.l(fpclassify.o)
    0x08002b20   0x08002b20   0x0000000e   Code   RO          243    i._is_digit         c_w.l(__printf_wp.o)
    0x08002b2e   0x08002b2e   0x0000001c   Code   RO          423    i.fputc             c_w.l(fputc.o)
    0x08002b4a   0x08002b4a   0x00000002   PAD
    0x08002b4c   0x08002b4c   0x0000002c   Code   RO          537    locale$$code        c_w.l(lc_numeric_c.o)
    0x08002b78   0x08002b78   0x0000002c   Code   RO          619    locale$$code        c_w.l(lc_ctype_c.o)
    0x08002ba4   0x08002ba4   0x0000001a   Code   RO          442    x$fpl$fpinit        fz_wm.l(fpinit.o)
    0x08002bbe   0x08002bbe   0x00000004   Code   RO          333    x$fpl$printf1       fz_wm.l(printf1.o)
    0x08002bc2   0x08002bc2   0x00000004   Code   RO          335    x$fpl$printf2       fz_wm.l(printf2.o)
    0x08002bc6   0x08002bc6   0x00000000   Code   RO          586    x$fpl$usenofp       fz_wm.l(usenofp.o)
    0x08002bc6   0x08002bc6   0x00000002   PAD
    0x08002bc8   0x08002bc8   0x00000008   Data   RO          202    .constdata          c_w.l(_printf_wctomb.o)
    0x08002bd0   0x08002bd0   0x00000028   Data   RO          231    .constdata          c_w.l(_printf_hex_int_ll_ptr.o)
    0x08002bf8   0x08002bf8   0x00000011   Data   RO          251    .constdata          c_w.l(__printf_flags_ss_wp.o)
    0x08002c09   0x08002c09   0x00000026   Data   RO          411    .constdata          c_w.l(_printf_fp_hex.o)
    0x08002c2f   0x08002c2f   0x00000004   Data   RO          465    .constdata          c_w.l(sys_io_names.o)
    0x08002c33   0x08002c33   0x00000004   Data   RO          466    .constdata          c_w.l(sys_io_names.o)
    0x08002c37   0x08002c37   0x00000004   Data   RO          467    .constdata          c_w.l(sys_io_names.o)
    0x08002c3b   0x08002c3b   0x00000001   PAD
    0x08002c3c   0x08002c3c   0x00000094   Data   RO          497    .constdata          c_w.l(bigflt0.o)
    0x08002cd0   0x08002cd0   0x00000020   Data   RO          695    Region$$Table       anon$$obj.o
    0x08002cf0   0x08002cf0   0x0000001c   Data   RO          536    locale$$data        c_w.l(lc_numeric_c.o)
    0x08002d0c   0x08002d0c   0x00000110   Data   RO          618    locale$$data        c_w.l(lc_ctype_c.o)
    0x08002e1c   0x08002e1c   0x00000004   Data   RO            9    .init_array         main.o
    0x08002e20   0x08002e1c   0x00000000   Data   RO           75    .init_array         c_w.l(init_aeabi.o)


    Execution Region ER_RW (Exec base: 0x20000000, Load base: 0x08002e20, Size: 0x0000000c, Max: 0xffffffff, ABSOLUTE)

    Exec Addr    Load Addr    Size         Type   Attr      Idx    E Section Name        Object

    0x20000000   0x08002e20   0x00000004   Data   RW          279    .data               c_w.l(stdio_streams.o)
    0x20000004   0x08002e24   0x00000004   Data   RW          280    .data               c_w.l(stdio_streams.o)
    0x20000008   0x08002e28   0x00000004   Data   RW          281    .data               c_w.l(stdio_streams.o)


    Execution Region ER_ZI (Exec base: 0x20000010, Load base: 0x08002e2c, Size: 0x00000768, Max: 0xffffffff, ABSOLUTE)

    Exec Addr    Load Addr    Size         Type   Attr      Idx    E Section Name        Object

    0x20000010        -       0x00000054   Zero   RW          276    .bss                c_w.l(stdio_streams.o)
    0x20000064        -       0x00000054   Zero   RW          277    .bss                c_w.l(stdio_streams.o)
    0x200000b8        -       0x00000054   Zero   RW          278    .bss                c_w.l(stdio_streams.o)
    0x2000010c        -       0x00000060   Zero   RW          471    .bss                c_w.l(libspace.o)
    0x2000016c        -       0x00000004   Zero   RW          461    .bss.__cxa_new_handler  libcppabi_w.l(cxa_default_handlers.cpp.o)
    0x20000170        -       0x00000002   Zero   RW            8    .bss.red            main.o
    0x20000172   0x08002e2c   0x00000006   PAD
    0x20000178        -       0x00000200   Zero   RW           45    HEAP                startup_stm32f411xe.o
    0x20000378        -       0x00000400   Zero   RW           44    STACK               startup_stm32f411xe.o


==============================================================================

Image component sizes


      Code (inc. data)   RO Data    RW Data    ZI Data      Debug   Object Name

       332          4          0          0          0       7150   led.o
        80          0          4          0          2       5186   main.o
        64         26        408          0       1536        924   startup_stm32f411xe.o
       110          0          0          0          0       2764   system_stm32f4xx.o
       130          0          0          0          0       6420   uart.o

    ----------------------------------------------------------------------
       720         30        444          0       1544      22444   Object Totals
         0          0         32          0          0          0   (incl. Generated)
         4          0          0          0          6          0   (incl. Padding)

    ----------------------------------------------------------------------

      Code (inc. data)   RO Data    RW Data    ZI Data      Debug   Library Member Name

         8          0          0          0          0         68   __main.o
       392          4         17          0          0         92   __printf_flags_ss_wp.o
        14          0          0          0          0         68   __printf_wp.o
         0          0          0          0          0          0   __rtentry.o
        12          0          0          0          0          0   __rtentry2.o
         6          0          0          0          0          0   __rtentry4.o
        94          8          0          0          0          0   __scatter.o
        26          0          0          0          0          0   __scatter_copy.o
        28          0          0          0          0          0   __scatter_zi.o
        72          0          0          0          0         96   _c16rtomb.o
         6          0          0          0          0          0   _printf_a.o
         6          0          0          0          0          0   _printf_c.o
        44          0          0          0          0        108   _printf_char.o
        48          6          0          0          0         96   _printf_char_common.o
        36          4          0          0          0         80   _printf_char_file.o
        40          0          0          0          0         68   _printf_charcount.o
         6          0          0          0          0          0   _printf_d.o
       120         16          0          0          0         92   _printf_dec.o
         6          0          0          0          0          0   _printf_e.o
         6          0          0          0          0          0   _printf_f.o
      1052          0          0          0          0        148   _printf_fp_dec.o
       764          8         38          0          0        100   _printf_fp_hex.o
       128         16          0          0          0         84   _printf_fp_infnan.o
         6          0          0          0          0          0   _printf_g.o
       148          4         40          0          0        160   _printf_hex_int_ll_ptr.o
         6          0          0          0          0          0   _printf_i.o
       178          0          0          0          0         88   _printf_intcommon.o
        10          0          0          0          0          0   _printf_l.o
         6          0          0          0          0          0   _printf_lc.o
        10          0          0          0          0          0   _printf_ll.o
         6          0          0          0          0          0   _printf_lld.o
         6          0          0          0          0          0   _printf_lli.o
         6          0          0          0          0          0   _printf_llo.o
         6          0          0          0          0          0   _printf_llu.o
         6          0          0          0          0          0   _printf_llx.o
       124         16          0          0          0         92   _printf_longlong_dec.o
         6          0          0          0          0          0   _printf_ls.o
         6          0          0          0          0          0   _printf_n.o
         6          0          0          0          0          0   _printf_o.o
       112          8          0          0          0        124   _printf_oct_int_ll.o
         6          0          0          0          0          0   _printf_p.o
        78          0          0          0          0        108   _printf_pad.o
         0          0          0          0          0          0   _printf_percent.o
         4          0          0          0          0          0   _printf_percent_end.o
         6          0          0          0          0          0   _printf_s.o
        82          0          0          0          0         80   _printf_str.o
        36          0          0          0          0         84   _printf_truncate.o
         6          0          0          0          0          0   _printf_u.o
        44          0          0          0          0        108   _printf_wchar.o
       188          6          8          0          0         92   _printf_wctomb.o
         6          0          0          0          0          0   _printf_x.o
        22          0          0          0          0         80   abort.o
       228          4        148          0          0         96   bigflt0.o
      1936        128          0          0          0        668   btod.o
        48         34          0          0          0         76   defsig_abrt_inner.o
        14          0          0          0          0         80   defsig_abrt_outer.o
        10          0          0          0          0         68   defsig_exit.o
        50          0          0          0          0         88   defsig_general.o
        80         58          0          0          0         76   defsig_rtmem_inner.o
        14          0          0          0          0         80   defsig_rtmem_outer.o
        52         38          0          0          0         76   defsig_rtred_inner.o
        14          0          0          0          0         80   defsig_rtred_outer.o
        18          0          0          0          0         80   exit.o
        76          0          0          0          0         88   fclose.o
         8          0          0          0          0         68   ferror.o
       482          0          0          0          0         92   flsbuf.o
       240          6          0          0          0        128   fopen.o
        28          0          0          0          0         68   fputc.o
       248          6          0          0          0         84   fseek.o
        66          0          0          0          0         76   ftell.o
        94          0          0          0          0         80   h1_alloc.o
        52          0          0          0          0         68   h1_extend.o
        78          0          0          0          0         80   h1_free.o
        12          0          0          0          0         84   h1_init.o
       174          0          0          0          0         88   h1_memalign.o
         6          0          0          0          0        152   heapauxi.o
         4          0          0          0          0        136   hguard.o
         0          0          0          0          0          0   indicate_semi.o
        44          8          0          0          0         80   init_aeabi.o
       138          0          0          0          0        168   init_alloc.o
       312         46          0          0          0        112   initio.o
        44         10        272          0          0         76   lc_ctype_c.o
        44         10         28          0          0         76   lc_numeric_c.o
         2          0          0          0          0          0   libinit.o
        50          0          0          0          0          0   libinit2.o
         2          0          0          0          0          0   libshutdown.o
         6          0          0          0          0          0   libshutdown2.o
         8          4          0          0         96         68   libspace.o
       138          0          0          0          0         80   lludiv10.o
         0          0          0          0          0          0   maybetermalloc1.o
        16          4          0          0          0         76   rt_ctype_table.o
         8          4          0          0          0         68   rt_errno_addr_intlibspace.o
         8          4          0          0          0         68   rt_heap_descriptor_intlibspace.o
         8          4          0          0          0         68   rt_locale_intlibspace.o
        78          0          0          0          0         80   rt_memclr_w.o
         2          0          0          0          0          0   rtexit.o
        10          0          0          0          0          0   rtexit2.o
        70          0          0          0          0         80   setvbuf.o
       264          6          0          0          0        160   stdio.o
         0          0          0         12        252          0   stdio_streams.o
       124          0          0          0          0         88   strcmpv7em.o
        62          0          0          0          0         76   strlen.o
        12          4          0          0          0         68   sys_exit.o
       102          0          0          0          0        240   sys_io.o
         0          0         12          0          0          0   sys_io_names.o
        74          0          0          0          0         80   sys_stackheap_outer.o
        14          0          0          0          0         76   sys_wrch.o
         2          0          0          0          0         68   use_no_semi.o
        10          0          0          0          0         68   vfprintf.o
        26          0          0          0          0        116   fpinit.o
         4          0          0          0          0        116   printf1.o
         4          0          0          0          0        116   printf2.o
         0          0          0          0          0          0   usenofp.o
       148          0          0          0          0        412   new.cpp.o
        56         48          0          0          0         36   new_helpers.cpp.o
        30          0          0          0          0         40   verbose_abort.cpp.o
         0          0          0          0          4          0   cxa_default_handlers.cpp.o
        12          0          0          0          0        132   cxa_handlers.cpp.o
        48          0          0          0          0        124   fpclassify.o

    ----------------------------------------------------------------------
     10080        522        564         12        352       7992   Library Totals
        28          0          1          0          0          0   (incl. Padding)

    ----------------------------------------------------------------------

      Code (inc. data)   RO Data    RW Data    ZI Data      Debug   Library Name

      9724        474        563         12        348       6900   c_w.l
        34          0          0          0          0        348   fz_wm.l
       234         48          0          0          0        488   libcpp_w.l
        12          0          0          0          4        132   libcppabi_w.l
        48          0          0          0          0        124   m_wm.l

    ----------------------------------------------------------------------
     10080        522        564         12        352       7992   Library Totals

    ----------------------------------------------------------------------

==============================================================================


      Code (inc. data)   RO Data    RW Data    ZI Data      Debug   

     10800        552       1008         12       1896      26368   Grand Totals
     10800        552       1008         12       1896      26368   ELF Image Totals
     10800        552       1008         12          0          0   ROM Totals

==============================================================================

    Total RO  Size (Code + RO Data)                11808 (  11.53kB)
    Total RW  Size (RW Data + ZI Data)              1908 (   1.86kB)
    Total ROM Size (Code + RO Data + RW Data)      11820 (  11.54kB)

==============================================================================

